++ nproc
+ export NPROC=8
+ NPROC=8
+ export JOBS=-j9
+ JOBS=-j9
+ export SETARCH=
+ SETARCH=
+ export optflags=-O1
+ optflags=-O1
+ export debugflags=-ggdb3
+ debugflags=-ggdb3
+ export 'RUBY_TESTOPTS=-j9 -q --tty=no'
+ RUBY_TESTOPTS='-j9 -q --tty=no'
+ export CC=gcc-11
+ CC=gcc-11
+ ./autogen.sh
+ mkdir build
+ cd build
++ pwd
+ ../configure -C --disable-install-doc --prefix=/home/jaruga/git/ruby/ruby/build/install
configure: creating cache config.cache
checking for ruby... /usr/bin/ruby
tool/config.guess already exists
tool/config.sub already exists
checking build system type... powerpc64le-unknown-linux-gnu
checking host system type... powerpc64le-unknown-linux-gnu
checking target system type... powerpc64le-unknown-linux-gnu
checking for ld-11... no
checking for gcc-ar-11... gcc-ar-11
checking for g++-11... g++-11
checking for gcc-nm-11... gcc-nm-11
checking for gcc-ranlib-11... gcc-ranlib-11
checking for gcc... gcc-11
checking whether the C compiler works... yes
checking for C compiler default output file name... a.out
checking for suffix of executables... 
checking whether we are cross compiling... no
checking for suffix of object files... o
checking whether the compiler supports GNU C... yes
checking whether gcc-11 accepts -g... yes
checking for gcc-11 option to enable C11 features... none needed
checking whether the compiler supports GNU C++... yes
checking whether g++-11 accepts -g... yes
checking for g++-11 option to enable C++11 features... none needed
checking how to run the C preprocessor... gcc-11 -E
checking for gas... no
checking for as... as
checking for gld... no
checking for ld... ld
checking for gobjcopy... no
checking for objcopy... objcopy
checking for gobjdump... no
checking for objdump... objdump
checking for gstrip... no
checking for strip... strip
checking for stdio.h... yes
checking for stdlib.h... yes
checking for string.h... yes
checking for inttypes.h... yes
checking for stdint.h... yes
checking for strings.h... yes
checking for sys/stat.h... yes
checking for sys/types.h... yes
checking for unistd.h... yes
checking for wchar.h... yes
checking for minix/config.h... no
checking for vfork.h... no
checking whether it is safe to define __EXTENSIONS__... yes
checking whether _XOPEN_SOURCE should be defined... no
checking whether the linker is GNU ld... yes
checking whether gcc-11 -E accepts -o... yes
checking for gcc-ar-11 flags... rcD
checking whether ln -s works... yes
checking whether make sets $(MAKE)... yes
checking for a BSD-compatible install... /usr/bin/install -c
checking for a race-free mkdir -p... /usr/bin/mkdir -p
checking for dtrace... no
checking for dot... no
checking for doxygen... no
checking for pkg-config... no
checking whether it is Android... no
checking for cd using physical directory... cd -P
checking whether CFLAGS is valid... yes
checking whether LDFLAGS is valid... yes
checking whether ELF binaries are produced... yes
checking whether -Wl,-rpath,. is accepted as LDFLAGS... yes
checking whether -fdeclspec is accepted as LDFLAGS... no
checking whether -fdeclspec is accepted as CXXFLAGS... no
checking whether -Wextra-tokens is accepted as CFLAGS... no
checking whether -Wdeprecated-declarations is accepted as CFLAGS... yes
checking whether -Wdivision-by-zero is accepted as CFLAGS... no
checking whether -Wdiv-by-zero is accepted as CFLAGS... yes
checking whether -Wduplicated-cond is accepted as CFLAGS... yes
checking whether -Wimplicit-function-declaration is accepted as CFLAGS... yes
checking whether -Wimplicit-int is accepted as CFLAGS... yes
checking whether -Wpointer-arith is accepted as CFLAGS... yes
checking whether -Wshorten-64-to-32 is accepted as CFLAGS... no
checking whether -Wwrite-strings is accepted as CFLAGS... yes
checking whether -Wold-style-definition is accepted as CFLAGS... yes
checking whether -Wimplicit-fallthrough=0 is accepted as CFLAGS... yes
checking whether -Wmissing-noreturn is accepted as CFLAGS... yes
checking whether -Wno-cast-function-type is accepted as CFLAGS... yes
checking whether -Wno-constant-logical-operand is accepted as CFLAGS... yes
checking whether -Wno-long-long is accepted as CFLAGS... yes
checking whether -Wno-missing-field-initializers is accepted as CFLAGS... yes
checking whether -Wno-overlength-strings is accepted as CFLAGS... yes
checking whether -Wno-packed-bitfield-compat is accepted as CFLAGS... yes
checking whether -Wno-parentheses-equality is accepted as CFLAGS... yes
checking whether -Wno-self-assign is accepted as CFLAGS... yes
checking whether -Wno-tautological-compare is accepted as CFLAGS... yes
checking whether -Wno-unused-parameter is accepted as CFLAGS... yes
checking whether -Wno-unused-value is accepted as CFLAGS... yes
checking whether -Wsuggest-attribute=format is accepted as CFLAGS... yes
checking whether -Wsuggest-attribute=noreturn is accepted as CFLAGS... yes
checking whether -Wunused-variable is accepted as CFLAGS... yes
checking whether -diag-disable=175,188,1684,2259,2312 is accepted as CFLAGS... no
checking whether -Wmisleading-indentation is accepted as CFLAGS... yes
checking whether -Wundef is accepted as CFLAGS... yes
checking whether -Wall -Wextra is accepted as CFLAGS... yes
checking whether -Qunused-arguments is accepted as CFLAGS... no
checking whether -O1 -D_FORTIFY_SOURCE=2 is accepted as CFLAGS... yes
checking whether -fstack-protector-strong is accepted as CFLAGS... yes
checking whether -fstack-protector-strong is accepted as LDFLAGS... yes
checking for -fstack-protector... -fstack-protector-strong
checking whether -Wl,--compress-debug-sections=zlib is accepted as LDFLAGS... yes
checking whether -fno-strict-overflow is accepted as CFLAGS... yes
checking whether -fvisibility=hidden is accepted as CFLAGS... yes
checking whether -fno-fast-math is accepted as CFLAGS... yes
checking whether -fexcess-precision=standard is accepted as CFLAGS... yes
checking whether -fp-model precise is accepted as CFLAGS... no
checking whether compiler has statement and declarations in expressions... yes
checking for pthread.h... yes
checking for pthread_create in -lthr... no
checking for pthread_create in -lpthread... yes
checking for pthread_np.h... no
checking thread model... pthread
checking whether CXXFLAGS is valid... yes
checking for crypt in -lcrypt... yes
checking for dlopen in -ldl... yes
checking for shutdown in -lsocket... no
checking for dirent.h that defines DIR... yes
checking for library containing opendir... none required
checking for _Bool... yes
checking for stdbool.h that conforms to C99... yes
checking for sys/wait.h that is POSIX.1 compatible... yes
checking for afunix.h... no
checking for atomic.h... no
checking for copyfile.h... no
checking for direct.h... no
checking for grp.h... yes
checking for fcntl.h... yes
checking for float.h... yes
checking for ieeefp.h... no
checking for intrinsics.h... no
checking for langinfo.h... yes
checking for limits.h... yes
checking for locale.h... yes
checking for malloc.h... yes
checking for malloc/malloc.h... no
checking for malloc_np.h... no
checking for net/socket.h... no
checking for process.h... no
checking for pwd.h... yes
checking for sanitizer/asan_interface.h... yes
checking for sanitizer/msan_interface.h... no
checking for setjmpex.h... no
checking for stdalign.h... yes
checking for stdio.h... (cached) yes
checking for sys/attr.h... no
checking for sys/eventfd.h... yes
checking for sys/fcntl.h... yes
checking for sys/file.h... yes
checking for sys/id.h... no
checking for sys/ioctl.h... yes
checking for sys/mkdev.h... no
checking for sys/param.h... yes
checking for sys/prctl.h... yes
checking for sys/random.h... yes
checking for sys/resource.h... yes
checking for sys/select.h... yes
checking for sys/sendfile.h... yes
checking for sys/socket.h... yes
checking for sys/syscall.h... yes
checking for sys/sysmacros.h... yes
checking for sys/time.h... yes
checking for sys/times.h... yes
checking for sys/uio.h... yes
checking for sys/utime.h... no
checking for syscall.h... yes
checking for time.h... yes
checking for ucontext.h... yes
checking for utime.h... yes
checking for sys/epoll.h... yes
checking for gmp.h... yes
checking for library containing __gmpz_init... -lgmp
checking for special C compiler options needed for large files... no
checking for _FILE_OFFSET_BITS value needed for large files... no
checking whether byte ordering is bigendian... no
checking for an ANSI C-conforming const... yes
checking whether char is unsigned... yes
checking for inline... inline
checking for working volatile... yes
checking for typeof syntax and keyword spelling... typeof
checking for C/C++ restrict keyword... __restrict__
checking for long long... yes
checking for off_t... yes
checking char bit... 8
checking size of int... 4
checking size of short... 2
checking size of long... 8
checking size of long long... 8
checking size of __int64... 0
checking size of __int128... 16
checking size of off_t... 8
checking size of void*... 8
checking size of float... 4
checking size of double... 8
checking size of time_t... 8
checking size of clock_t... 8
checking packed struct attribute... x __attribute__((packed))
checking whether -Wno-address-of-packed-member is accepted as CFLAGS... yes
checking for printf prefix for long long... ll
checking for pid_t... yes
checking for convertible type of pid_t... INT
checking for uid_t... yes
checking for convertible type of uid_t... UINT
checking for gid_t... yes
checking for convertible type of gid_t... UINT
checking for time_t... yes
checking for convertible type of time_t... LONG
checking for dev_t... yes
checking for convertible type of dev_t... ULONG
checking for mode_t... yes
checking for convertible type of mode_t... UINT
checking for rlim_t... yes
checking for convertible type of rlim_t... ULONG
checking for off_t... (cached) yes
checking for convertible type of off_t... LONG
checking for clockid_t... yes
checking for convertible type of clockid_t... INT
checking for variable length macro... yes
checking if _Alignof() works... yes
checking for CONSTFUNC function attribute... __attribute__ ((__const__)) x
checking for PUREFUNC function attribute... __attribute__ ((__pure__)) x
checking for NORETURN function attribute... __attribute__ ((__noreturn__)) x
checking for DEPRECATED function attribute... __attribute__ ((__deprecated__)) x
checking for DEPRECATED_BY function attribute... __attribute__ ((__deprecated__("by "#n))) x
checking for NOINLINE function attribute... __attribute__ ((__noinline__)) x
checking for ALWAYS_INLINE function attribute... __attribute__ ((__always_inline__)) x
checking for NO_SANITIZE function attribute... __attribute__ ((__no_sanitize__(san))) x
checking for NO_SANITIZE_ADDRESS function attribute... __attribute__ ((__no_sanitize_address__)) x
checking for NO_ADDRESS_SAFETY_ANALYSIS function attribute... __attribute__ ((__no_address_safety_analysis__)) x
checking for WARN_UNUSED_RESULT function attribute... __attribute__ ((__warn_unused_result__)) x
checking for MAYBE_UNUSED function attribute... __attribute__ ((__unused__)) x
checking for ERRORFUNC function attribute... __attribute__ ((__error__ mesg)) x
checking for WARNINGFUNC function attribute... __attribute__ ((__warning__ mesg)) x
checking for WEAK function attribute... __attribute__ ((__weak__)) x
checking for __attribute__((__depreacted__(msg))) in C++... yes
checking for std::nullptr_t... yes
checking for FUNC_STDCALL function attribute... x
checking for FUNC_CDECL function attribute... x
checking for FUNC_FASTCALL function attribute... x
checking for FUNC_UNOPTIMIZED function attribute... __attribute__ ((__optimize__("O0"))) x
checking for FUNC_MINIMIZED function attribute... __attribute__ ((__optimize__("-Os","-fomit-frame-pointer"))) x
checking for function alias... alias
checking for __atomic builtins... yes
checking for __sync builtins... yes
checking for __builtin_unreachable... yes
checking for __assume... no
checking for exported function attribute... __attribute__ ((__visibility__("default")))
checking for RUBY_FUNC_NONNULL function attribute... __attribute__ ((__nonnull__(n))) x
checking for function name string predefined identifier... __func__
checking if enum over int is allowed... yes
checking for gcc-11 options needed to detect all undeclared functions... none needed
checking whether sys_nerr is declared... no
checking whether getenv is declared... yes
checking for size_t... yes
checking size of size_t... 8
checking size of ptrdiff_t... 8
checking size of dev_t... 8
checking for printf prefix for size_t... z
checking for printf prefix for ptrdiff_t... t
checking for struct stat.st_blksize... yes
checking for struct stat.st_blocks... yes
checking for struct stat.st_rdev... yes
checking size of struct stat.st_size... SIZEOF_OFF_T
checking size of struct stat.st_blocks... SIZEOF_OFF_T
checking size of struct stat.st_ino... SIZEOF_LONG
checking size of struct stat.st_dev... SIZEOF_DEV_T
checking size of struct stat.st_rdev... SIZEOF_DEV_T
checking for struct stat.st_atim... yes
checking for struct stat.st_atimespec... no
checking for struct stat.st_atimensec... no
checking for struct stat.st_mtim... yes
checking for struct stat.st_mtimespec... no
checking for struct stat.st_mtimensec... no
checking for struct stat.st_ctim... yes
checking for struct stat.st_ctimespec... no
checking for struct stat.st_ctimensec... no
checking for struct stat.st_birthtimespec... no
checking for struct statx.stx_btime... yes
checking for struct timeval... yes
checking size of struct timeval.tv_sec... SIZEOF_TIME_T
checking for struct timespec... yes
checking for struct timezone... yes
checking for fd_mask... yes
checking for int8_t... yes
checking size of int8_t... 1
checking for uint8_t... yes
checking size of uint8_t... 1
checking for int16_t... yes
checking size of int16_t... 2
checking for uint16_t... yes
checking size of uint16_t... 2
checking for int32_t... yes
checking size of int32_t... 4
checking for uint32_t... yes
checking size of uint32_t... 4
checking for int64_t... yes
checking size of int64_t... 8
checking for uint64_t... yes
checking size of uint64_t... 8
checking for int128_t... __int128
checking for uint128_t... unsigned __int128
checking for intptr_t... yes
checking size of intptr_t... 8
checking for uintptr_t... yes
checking size of uintptr_t... 8
checking for printf prefix for intptr_t... NONE
checking for ssize_t... yes
checking size of ssize_t... 8
checking for printf prefix for int64_t... NONE
checking for stack end address... __libc_stack_end
checking for grep that handles long lines and -e... /usr/bin/grep
checking for egrep... /usr/bin/grep -E
checking for uid_t in sys/types.h... (cached) yes
checking type of array argument to getgroups... gid_t
checking for working alloca.h... yes
checking for alloca... yes
checking for dynamic size alloca... ok
checking for working memcmp... yes
checking for dup... yes
checking for dup2... yes
checking for acosh... yes
checking for cbrt... yes
checking for crypt... yes
checking for erf... yes
checking for explicit_bzero... yes
checking for ffs... yes
checking for flock... yes
checking for hypot... yes
checking for lgamma_r... yes
checking for memmove... yes
checking for nan... yes
checking for nextafter... yes
checking for setproctitle... no
checking for strchr... yes
checking for strerror... yes
checking for strlcat... no
checking for strlcpy... no
checking for strstr... yes
checking for tgamma... yes
checking for sys/pstat.h... no
checking for pid_t... (cached) yes
checking for fork... yes
checking for vfork... yes
checking for working fork... yes
checking for working vfork... (cached) yes
checking for __syscall... no
checking for _longjmp... yes
checking for arc4random_buf... no
checking for atan2l... yes
checking for atan2f... yes
checking for chmod... yes
checking for chown... yes
checking for chroot... yes
checking for chsize... no
checking for clock_gettime... yes
checking for copy_file_range... yes
checking for cosh... yes
checking for crypt_r... yes
checking for daemon... (cached) no
checking for dirfd... yes
checking for dl_iterate_phdr... yes
checking for dlopen... yes
checking for dladdr... yes
checking for dup3... yes
checking for eaccess... yes
checking for endgrent... yes
checking for eventfd... yes
checking for execl... yes
checking for execle... yes
checking for execv... yes
checking for execve... yes
checking for explicit_memset... no
checking for fcopyfile... no
checking for fchdir... yes
checking for fchmod... yes
checking for fchown... yes
checking for fcntl... yes
checking for fdatasync... yes
checking for fdopendir... yes
checking for fgetattrlist... no
checking for fmod... yes
checking for fstatat... yes
checking for fsync... yes
checking for ftruncate... yes
checking for ftruncate64... yes
checking for getattrlist... no
checking for getcwd... yes
checking for getegid... yes
checking for getentropy... yes
checking for geteuid... yes
checking for getgid... yes
checking for getgidx... no
checking for getgrnam... yes
checking for getgrnam_r... yes
checking for getgroups... yes
checking for getlogin... yes
checking for getlogin_r... yes
checking for getpgid... yes
checking for getpgrp... yes
checking for getppid... yes
checking for getpriority... yes
checking for getpwnam... yes
checking for getpwnam_r... yes
checking for getpwuid... yes
checking for getpwuid_r... yes
checking for getrandom... yes
checking for getresgid... yes
checking for getresuid... yes
checking for getrlimit... yes
checking for getsid... yes
checking for gettimeofday... yes
checking for getuid... yes
checking for getuidx... no
checking for gmtime_r... yes
checking for grantpt... yes
checking for initgroups... yes
checking for ioctl... yes
checking for isfinite... no
checking for issetugid... no
checking for kill... yes
checking for killpg... yes
checking for lchmod... yes
checking for lchown... yes
checking for link... yes
checking for llabs... yes
checking for lockf... yes
checking for log2... yes
checking for lstat... yes
checking for lutimes... yes
checking for malloc_usable_size... yes
checking for malloc_size... no
checking for malloc_trim... yes
checking for mblen... yes
checking for memalign... yes
checking for memset_s... no
checking for writev... yes
checking for memrchr... yes
checking for memmem... yes
checking for mkfifo... yes
checking for mknod... yes
checking for mktime... yes
checking for mmap... yes
checking for mremap... yes
checking for openat... yes
checking for pclose... yes
checking for pipe... yes
checking for pipe2... yes
checking for poll... yes
checking for popen... yes
checking for posix_fadvise... yes
checking for posix_madvise... yes
checking for posix_memalign... yes
checking for ppoll... yes
checking for pread... yes
checking for pwrite... yes
checking for qsort_r... yes
checking for qsort_s... no
checking for readlink... yes
checking for realpath... yes
checking for round... yes
checking for sched_getaffinity... yes
checking for seekdir... yes
checking for select_large_fdset... no
checking for sendfile... yes
checking for setegid... yes
checking for setenv... yes
checking for seteuid... yes
checking for setgid... yes
checking for setgroups... yes
checking for setpgid... yes
checking for setpgrp... yes
checking for setregid... yes
checking for setresgid... yes
checking for setresuid... yes
checking for setreuid... yes
checking for setrgid... no
checking for setrlimit... yes
checking for setruid... no
checking for setsid... yes
checking for setuid... yes
checking for shutdown... yes
checking for sigaction... yes
checking for sigaltstack... yes
checking for sigprocmask... yes
checking for sinh... yes
checking for snprintf... yes
checking for spawnv... no
checking for symlink... yes
checking for syscall... yes
checking for sysconf... yes
checking for system... yes
checking for tanh... yes
checking for telldir... yes
checking for timegm... yes
checking for times... yes
checking for truncate... yes
checking for truncate64... yes
checking for tzset... yes
checking for umask... yes
checking for unsetenv... yes
checking for utimensat... yes
checking for utimes... yes
checking for wait4... yes
checking for waitpid... yes
checking for __cospi... no
checking for __sinpi... no
checking for statx... yes
checking if getcwd allocates buffer if NULL is given... yes
checking for crypt.h... yes
checking for struct crypt_data.initialized... yes
checking for __builtin_alloca_with_align... yes
checking for __builtin_assume_aligned... yes
checking for __builtin_bswap16... yes
checking for __builtin_bswap32... yes
checking for __builtin_bswap64... yes
checking for __builtin_popcount... yes
checking for __builtin_popcountll... yes
checking for __builtin_clz... yes
checking for __builtin_clzl... yes
checking for __builtin_clzll... yes
checking for __builtin_ctz... yes
checking for __builtin_ctzll... yes
checking for __builtin_add_overflow... yes
checking for __builtin_sub_overflow... yes
checking for __builtin_mul_overflow... yes
checking for __builtin_mul_overflow_p... yes
checking for __builtin_constant_p... yes
checking for __builtin_choose_expr... yes
checking for __builtin_choose_expr_constant_p... yes
checking for __builtin_types_compatible_p... yes
checking for __builtin_trap... yes
checking for __builtin_expect... yes
checking for __builtin_mul_overflow with long long arguments... yes
checking whether qsort_r is GNU version... yes
checking whether qsort_r is BSD version... no
checking whether atan2 handles Inf as C99... yes
checking for clock_getres... yes
checking for timer_create in -lrt... yes
checking for timer_settime in -lrt... yes
checking for unsetenv returns a value... yes
checking whether struct tm is in sys/time.h or time.h... time.h
checking for struct tm.tm_zone... yes
checking for struct tm.tm_gmtoff... yes
checking for external int daylight... yes
checking for negative time_t for gmtime(3)... yes
checking for localtime(3) overflow correctly... yes
checking for sig_t... yes
checking whether right shift preserve sign bit... yes
checking whether _SC_CLK_TCK is supported... yes
checking stack growing direction on powerpc64le... -1
checking native coroutine implementation for powerpc64le-linux... ppc64le
checking whether pthread_t is scalar type... yes
checking for sched_yield... yes
checking for pthread_attr_setinheritsched... yes
checking for pthread_attr_get_np... no
checking for pthread_attr_getstack... yes
checking for pthread_attr_getguardsize... yes
checking for pthread_get_stackaddr_np... no
checking for pthread_get_stacksize_np... no
checking for thr_stksegment... no
checking for pthread_stackseg_np... no
checking for pthread_getthrds_np... no
checking for pthread_condattr_setclock... yes
checking for pthread_setname_np... yes
checking for pthread_set_name_np... no
checking for pthread_sigmask... yes
checking for pthread_getattr_np... yes
checking arguments of pthread_setname_np... (pthread_self(), name)
checking for thread-local storage sepcifier... _Thread_local
checking if mcontext_t is a pointer... no
checking for getcontext... yes
checking for setcontext... yes
checking if fork works with pthread... yes
checking for sys/user.h... yes
checking whether PAGE_SIZE is compile-time const... no
checking ioctl request type... unsigned long
checking for elf.h... yes
checking for elf_abi.h... no
checking for uncompress in -lz... yes
checking for mach-o/loader.h... no
checking whether OS depend dynamic link works... yes
checking for backtrace... yes
checking for broken backtrace... no
checking for valgrind/memcheck.h... no
checking for strip flags... -S -x
checking whether -fPIE is accepted as CFLAGS... yes
checking whether -pie is accepted as LDFLAGS... yes
checking whether wrapper for LD_LIBRARY_PATH is needed... no
checking whether dtrace USDT is available... no
checking for __builtin_setjmp... (cached) no
checking for _setjmpex as a macro or function... no
checking for _setjmp as a macro or function... yes
checking for sigsetjmp as a macro or function... no
checking for setjmp type... _setjmp
checking for rustc... rustc
checking whether rustc works for YJIT... no
checking for prefix of external symbols... NONE
checking if make is GNU make... yes
.ext/include/powerpc64le-linux/ruby/config.h updated
configure: ruby library version = 3.3.0+0
configure: updating cache config.cache
configure: creating ./config.status
config.status: creating GNUmakefile
config.status: creating Makefile
---
Configuration summary for ruby version 3.3.0

   * Installation prefix: /home/jaruga/git/ruby/ruby/build/install
   * exec prefix:         ${prefix}
   * arch:                powerpc64le-linux
   * site arch:           ${arch}
   * RUBY_BASE_NAME:      ruby
   * ruby lib prefix:     ${libdir}/${RUBY_BASE_NAME}
   * site libraries path: ${rubylibprefix}/${sitearch}
   * vendor path:         ${rubylibprefix}/vendor_ruby
   * target OS:           linux
   * compiler:            gcc-11
   * with thread:         pthread
   * with coroutine:      ppc64le
   * enable shared libs:  no
   * dynamic library ext: so
   * CFLAGS:              ${optflags} ${debugflags} ${warnflags}
   * LDFLAGS:             -L. -fstack-protector-strong -rdynamic \
                          -Wl,-export-dynamic
   * DLDFLAGS:            -Wl,--compress-debug-sections=zlib
   * optflags:            -O1 -fno-fast-math
   * debugflags:          -ggdb3
   * warnflags:           -Wall -Wextra -Wdeprecated-declarations \
                          -Wdiv-by-zero -Wduplicated-cond \
                          -Wimplicit-function-declaration -Wimplicit-int \
                          -Wpointer-arith -Wwrite-strings \
                          -Wold-style-definition -Wimplicit-fallthrough=0 \
                          -Wmissing-noreturn -Wno-cast-function-type \
                          -Wno-constant-logical-operand -Wno-long-long \
                          -Wno-missing-field-initializers \
                          -Wno-overlength-strings \
                          -Wno-packed-bitfield-compat \
                          -Wno-parentheses-equality -Wno-self-assign \
                          -Wno-tautological-compare -Wno-unused-parameter \
                          -Wno-unused-value -Wsuggest-attribute=format \
                          -Wsuggest-attribute=noreturn -Wunused-variable \
                          -Wmisleading-indentation -Wundef
   * strip command:       strip -S -x
   * install doc:         no
   * YJIT support:        no
   * RJIT support:        no
   * man page type:       doc
   * BASERUBY -v:         ruby 3.0.2p107 (2021-07-07 revision 0db68f0233) \
                          [powerpc64le-linux-gnu]

---
+ make -s -j9
compiling ../main.c
compiling ../dmydln.c
generating id.h
generating miniprelude.c
compiling ../dmyext.c
making ../array.rbinc
making ../ast.rbinc
generating optunifs.inc
generating insns.inc
generating insns_info.inc
generating optinsn.inc
id.h updated
compiling ../debug_counter.c
making ../dir.rbinc
compiling ../dln_find.c
compiling ../encoding.c
miniprelude.c updated
compiling ../enum.c
compiling ../enumerator.c
generating known_errors.inc
making ../warning.rbinc
compiling ../file.c
making ../gc.rbinc
known_errors.inc updated
making ../prelude.rbinc
making ../io.rbinc
compiling ../io_buffer.c
making ../marshal.rbinc
compiling ../math.c
compiling ../memory_view.c
making ../rjit.rbinc
making ../rjit_c.rbinc
generating node_name.inc
compiling ../node_dump.c
making ../numeric.rbinc
making ../kernel.rbinc
making ../nilclass.rbinc
making ../pack.rbinc
generating parse.c
copying lex.c
compiling ../parser_st.c
compiling ../proc.c
compiling ../process.c
making ../ractor.rbinc
compiling ../random.c
compiling ../range.c
compiling ../rational.c
compiling ../re.c
compiling ../regcomp.c
compiling ../regenc.c
compiling ../regerror.c
compiling ../regexec.c
compiling ../regparse.c
compiling ../regsyntax.c
compiling ../ruby.c
compiling ../ruby_parser.c
compiling ../scheduler.c
compiling ../shape.c
compiling ../signal.c
compiling ../sprintf.c
compiling ../st.c
compiling ../strftime.c
compiling ../struct.c
generating id.c
id.c updated
making ../symbol.rbinc
making ../thread_sync.rbinc
making ../timev.rbinc
compiling ../transcode.c
compiling ../util.c
compiling ../variable.c
../revision.h updated
generating vm.inc
generating vm_call_iseq_optimized.inc
generating vmtc.inc
vm_call_iseq_optimized.inc updated
compiling ../vm_backtrace.c
compiling ../vm_dump.c
compiling ../vm_sync.c
making ../trace_point.rbinc
compiling ../weakmap.c
compiling ../prism/pack.c
compiling ../prism/regexp.c
compiling ../prism/util/pm_buffer.c
compiling ../prism/util/pm_char.c
compiling ../prism/util/pm_constant_pool.c
compiling ../prism/util/pm_list.c
compiling ../prism/util/pm_memchr.c
compiling ../prism/util/pm_newline_list.c
compiling ../prism/util/pm_state_stack.c
compiling ../prism/util/pm_string.c
compiling ../prism/util/pm_string_list.c
compiling ../prism/util/pm_strncasecmp.c
compiling ../prism/util/pm_strpbrk.c
compiling ../prism/prism.c
compiling ../prism_init.c
compiling ../missing/setproctitle.c
compiling ../missing/strlcat.c
compiling ../missing/strlcpy.c
compiling ../addr2line.c
generating enc/trans/newline.c ...
compiling ../dmyenc.c
+ cp ../enc/jis/props.h.blt ../enc/jis/props.h
compiling ../dln.c
compiling ../localeinit.c
generating ../lib/ruby_vm/rjit/instruction.rb
compiling ../miniinit.c
making dummy probes.h
compiling ../ast.c
compiling ../bignum.c
compiling ../class.c
compiling ../compar.c
rbconfig.rb updated
compiling ../compile.c
compiling ../complex.c
compiling ../cont.c
compiling ../debug.c
compiling ../dir.c
compiling ../error.c
compiling ../eval.c
compiling ../gc.c
compiling ../hash.c
compiling ../inits.c
compiling ../io.c
compiling ../iseq.c
compiling ../load.c
compiling ../marshal.c
../load.c: In function ‘require_internal’:
../load.c:1192:42: warning: argument ‘ec’ might be clobbered by ‘longjmp’ or ‘vfork’ [-Wclobbered]
 1192 | require_internal(rb_execution_context_t *ec, VALUE fname, int exception, bool warn)
compiling ../rjit.c
compiling ../rjit_c.c
../load.c: At top level:
cc1: note: unrecognized command-line option ‘-Wno-self-assign’ may have been intended to silence earlier diagnostics
cc1: note: unrecognized command-line option ‘-Wno-parentheses-equality’ may have been intended to silence earlier diagnostics
cc1: note: unrecognized command-line option ‘-Wno-constant-logical-operand’ may have been intended to silence earlier diagnostics
compiling ../node.c
compiling ../numeric.c
compiling ../object.c
compiling ../pack.c
compiling ../ractor.c
compiling ../string.c
compiling ../symbol.c
compiling ../thread.c
compiling ../time.c
compiling ../version.c
compiling ../vm.c
compiling ../vm_trace.c
compiling prism/api_node.c
compiling ../prism/api_pack.c
compiling ../prism/diagnostic.c
compiling ../prism/enc/pm_big5.c
compiling ../prism/enc/pm_euc_jp.c
compiling ../prism/enc/pm_gbk.c
compiling ../prism/enc/pm_shift_jis.c
compiling ../prism/enc/pm_tables.c
compiling ../prism/enc/pm_unicode.c
compiling ../prism/enc/pm_windows_31j.c
compiling ../prism/extension.c
compiling prism/node.c
compiling prism/prettyprint.c
compiling prism/serialize.c
compiling prism/token_type.c
assembling ../coroutine/ppc64le/Context.S
compiling ../enc/ascii.c
compiling ../enc/us_ascii.c
compiling ../enc/unicode.c
compiling ../enc/utf_8.c
compiling enc/trans/newline.c
generating encdb.h
generating powerpc64le-linux-fake.rb
creating verconf.h
encdb.h updated
powerpc64le-linux-fake.rb updated
compiling ../array.c
generating enc.mk
verconf.h updated
compiling ../loadpath.c
making srcs under enc
generating table from enc/trans/big5.c
generating table from enc/trans/cesu_8.c
generating table from enc/trans/chinese.c
generating table from enc/trans/ebcdic.c
generating enc/trans/cesu_8.c ...
generating table from enc/trans/emoji.c
generating enc/trans/ebcdic.c ...
generating table from enc/trans/emoji_iso2022_kddi.c
generating enc/trans/emoji.c ...
generating table from enc/trans/emoji_sjis_docomo.c
generating table from enc/trans/emoji_sjis_kddi.c
generating table from enc/trans/emoji_sjis_softbank.c
generating enc/trans/emoji_iso2022_kddi.c ...
generating table from enc/trans/escape.c
generating enc/trans/emoji_sjis_docomo.c ...
generating table from enc/trans/gb18030.c
generating enc/trans/escape.c ...
generating table from enc/trans/gbk.c
generating enc/trans/emoji_sjis_softbank.c ...
generating table from enc/trans/iso2022.c
generating enc/trans/iso2022.c ...
generating table from enc/trans/japanese.c
generating enc/trans/japanese.c ...
generating table from enc/trans/japanese_euc.c
generating enc/trans/emoji_sjis_kddi.c ...
generating table from enc/trans/japanese_sjis.c
generating enc/trans/chinese.c ...
generating table from enc/trans/korean.c
generating table from enc/trans/single_byte.c
generating enc/trans/single_byte.c ...
generating table from enc/trans/utf8_mac.c
generating enc/trans/gbk.c ...
generating table from enc/trans/utf_16_32.c
generating enc/trans/utf_16_32.c ...
generating enc/trans/japanese_sjis.c ...
generating enc/trans/korean.c ...
generating enc/trans/utf8_mac.c ...
generating enc/trans/gb18030.c ...
generating enc/trans/big5.c ...
generating enc/trans/japanese_euc.c ...
generating transdb.h
transdb.h updated
compiling parse.c
linking miniruby
builtin_binary.inc updated
compiling ../builtin.c
linking static-library libruby-static.a
generating makefiles ext/configure-ext.mk
making enc
making trans
ext/configure-ext.mk updated
compiling ../enc/trans/transdb.c
compiling ../enc/encdb.c
configuring cgi/escape
configuring date
configuring coverage
configuring bigdecimal
configuring continuation
configuring -test-/RUBY_ALIGNOF
configuring digest
configuring etc
configuring digest/bubblebabble
configuring digest/md5
configuring erb/escape
compiling ../enc/big5.c
configuring fiddle
configuring fcntl
generating table from ../enc/trans/big5.c
configuring io/console
configuring -test-/abi
configuring -test-/arith_seq/beg_len_step
configuring -test-/arith_seq/extract
configuring -test-/array/concat
compiling ../enc/cesu_8.c
configuring -test-/array/resize
configuring -test-/bignum
configuring -test-/bug-14834
configuring -test-/bug-3571
configuring -test-/bug-5832
configuring -test-/bug_reporter
configuring -test-/class
configuring -test-/cxxanyargs
configuring digest/rmd160
configuring -test-/debug
configuring -test-/dln/empty
compiling ../enc/cp949.c
configuring -test-/econv
configuring -test-/enumerator_kw
configuring -test-/eval
configuring -test-/exception
configuring -test-/fatal
configuring -test-/file
compiling ../enc/emacs_mule.c
configuring digest/sha1
compiling ../enc/euc_jp.c
configuring digest/sha2
compiling ../enc/euc_kr.c
compiling ../enc/euc_tw.c
compiling ../enc/gb2312.c
compiling ../enc/gb18030.c
compiling ../enc/gbk.c
compiling ../enc/iso_8859_1.c
compiling ../enc/iso_8859_2.c
compiling ../enc/iso_8859_3.c
configuring json
configuring json/generator
configuring json/parser
configuring monitor
compiling ../enc/iso_8859_4.c
configuring nkf
compiling ../enc/iso_8859_5.c
compiling ../enc/iso_8859_6.c
compiling ../enc/iso_8859_7.c
compiling ../enc/iso_8859_8.c
configuring -test-/float
configuring -test-/funcall
configuring -test-/gvl/call_without_gvl
compiling ../enc/iso_8859_9.c
configuring -test-/hash
configuring -test-/integer
configuring -test-/iseq_load
configuring -test-/iter
compiling ../enc/iso_8859_10.c
configuring -test-/load/dot.dot
configuring -test-/load/protect
configuring -test-/marshal/compat
configuring -test-/marshal/internal_ivar
configuring -test-/marshal/usr
configuring -test-/memory_status
configuring -test-/memory_view
configuring -test-/method
configuring -test-/notimplement
configuring -test-/num2int
configuring -test-/path_to_class
configuring -test-/popen_deadlock
configuring -test-/postponed_job
compiling ../enc/iso_8859_11.c
configuring -test-/printf
configuring -test-/proc
configuring -test-/random
configuring -test-/rational
configuring -test-/rb_call_super_kw
configuring -test-/recursion
configuring -test-/regexp
configuring -test-/scan_args
configuring -test-/st/foreach
configuring -test-/st/numhash
compiling ../enc/iso_8859_13.c
configuring -test-/st/update
configuring -test-/string
configuring -test-/struct
configuring -test-/symbol
compiling ../enc/iso_8859_14.c
compiling ../enc/iso_8859_15.c
compiling ../enc/iso_8859_16.c
configuring -test-/thread/instrumentation
configuring -test-/thread_fd
configuring -test-/time
configuring -test-/tracepoint
configuring -test-/typeddata
configuring -test-/vm
configuring -test-/wait
compiling ../enc/koi8_r.c
configuring objspace
configuring openssl
compiling ../enc/koi8_u.c
compiling ../enc/shift_jis.c
compiling ../enc/utf_16be.c
compiling ../enc/utf_16le.c
compiling ../enc/utf_32be.c
compiling ../enc/utf_32le.c
compiling ../enc/windows_31j.c
compiling ../enc/windows_1250.c
configuring pathname
compiling ../enc/windows_1251.c
compiling ../enc/windows_1252.c
compiling ../enc/windows_1253.c
configuring psych
compiling ../enc/windows_1254.c
compiling ../enc/windows_1257.c
linking encoding encdb.so
linking encoding big5.so
linking encoding cesu_8.so
linking encoding cp949.so
linking encoding emacs_mule.so
configuring pty
linking encoding euc_jp.so
configuring rbconfig/sizeof
generating ../enc/trans/big5.c ...
generating table from ../enc/trans/cesu_8.c
linking encoding euc_kr.so
generating ../enc/trans/cesu_8.c ...
generating table from ../enc/trans/chinese.c
linking encoding euc_tw.so
linking encoding gb2312.so
linking encoding gb18030.so
linking encoding gbk.so
linking encoding iso_8859_1.so
linking encoding iso_8859_2.so
linking encoding iso_8859_3.so
linking encoding iso_8859_4.so
configuring ripper
linking encoding iso_8859_5.so
linking encoding iso_8859_6.so
configuring rubyvm
linking encoding iso_8859_7.so
linking encoding iso_8859_8.so
linking encoding iso_8859_9.so
configuring socket
linking encoding iso_8859_10.so
linking encoding iso_8859_11.so
linking encoding iso_8859_13.so
configuring stringio
linking encoding iso_8859_14.so
linking encoding iso_8859_15.so
linking encoding iso_8859_16.so
configuring strscan
linking encoding koi8_r.so
linking encoding koi8_u.so
linking encoding shift_jis.so
configuring syslog
linking encoding utf_16be.so
generating ../enc/trans/chinese.c ...
generating table from ../enc/trans/ebcdic.c
linking encoding utf_16le.so
generating ../enc/trans/ebcdic.c ...
generating table from ../enc/trans/emoji.c
linking encoding utf_32be.so
linking encoding utf_32le.so
linking encoding windows_31j.so
linking encoding windows_1250.so
linking encoding windows_1251.so
linking encoding windows_1252.so
generating ../enc/trans/emoji.c ...
generating table from ../enc/trans/emoji_iso2022_kddi.c
linking encoding windows_1253.so
linking encoding windows_1254.so
linking encoding windows_1257.so
configuring zlib
generating ../enc/trans/emoji_iso2022_kddi.c ...
generating table from ../enc/trans/emoji_sjis_docomo.c
generating table from ../enc/trans/emoji_sjis_kddi.c
generating ../enc/trans/emoji_sjis_docomo.c ...
generating table from ../enc/trans/emoji_sjis_softbank.c
generating ../enc/trans/emoji_sjis_kddi.c ...
generating table from ../enc/trans/escape.c
generating ../enc/trans/escape.c ...
generating table from ../enc/trans/gb18030.c
generating table from ../enc/trans/gbk.c
configuring io/nonblock
generating ../enc/trans/emoji_sjis_softbank.c ...
generating table from ../enc/trans/iso2022.c
generating ../enc/trans/iso2022.c ...
generating table from ../enc/trans/japanese.c
generating ../enc/trans/japanese.c ...
generating table from ../enc/trans/japanese_euc.c
generating table from ../enc/trans/japanese_sjis.c
generating table from ../enc/trans/korean.c
generating ../enc/trans/gbk.c ...
generating table from ../enc/trans/single_byte.c
generating ../enc/trans/single_byte.c ...
generating table from ../enc/trans/utf8_mac.c
generating ../enc/trans/japanese_sjis.c ...
generating table from ../enc/trans/utf_16_32.c
configuring io/wait
generating ../enc/trans/utf_16_32.c ...
linking transcoder transdb.so
compiling ../enc/trans/big5.c
generating ../enc/trans/korean.c ...
compiling ../enc/trans/cesu_8.c
compiling ../enc/trans/chinese.c
generating ../enc/trans/gb18030.c ...
compiling ../enc/trans/ebcdic.c
compiling ../enc/trans/emoji.c
compiling ../enc/trans/emoji_iso2022_kddi.c
compiling ../enc/trans/emoji_sjis_docomo.c
generating ../enc/trans/utf8_mac.c ...
compiling ../enc/trans/emoji_sjis_kddi.c
compiling ../enc/trans/emoji_sjis_softbank.c
generating ../enc/trans/japanese_euc.c ...
compiling ../enc/trans/escape.c
compiling ../enc/trans/gb18030.c
compiling ../enc/trans/gbk.c
compiling ../enc/trans/iso2022.c
compiling ../enc/trans/japanese.c
compiling ../enc/trans/japanese_euc.c
compiling ../enc/trans/japanese_sjis.c
compiling ../enc/trans/korean.c
compiling ../enc/trans/single_byte.c
compiling ../enc/trans/utf8_mac.c
compiling ../enc/trans/utf_16_32.c
linking transcoder big5.so
linking transcoder cesu_8.so
linking transcoder chinese.so
linking transcoder ebcdic.so
linking transcoder emoji.so
linking transcoder emoji_iso2022_kddi.so
linking transcoder emoji_sjis_docomo.so
linking transcoder emoji_sjis_kddi.so
linking transcoder emoji_sjis_softbank.so
linking transcoder escape.so
linking transcoder gb18030.so
linking transcoder gbk.so
linking transcoder iso2022.so
linking transcoder japanese.so
linking transcoder japanese_sjis.so
linking transcoder single_byte.so
linking transcoder utf_16_32.so
linking transcoder utf8_mac.so
linking transcoder korean.so
linking transcoder japanese_euc.so
making encs
generating makefile exts.mk
exts.mk updated
compiling ../../../../ext/-test-/abi/abi.c
compiling ../../../../../ext/-test-/array/resize/resize.c
compiling ../../../../ext/-test-/RUBY_ALIGNOF/c.c
compiling ../../../../../ext/-test-/arith_seq/beg_len_step/beg_len_step.c
compiling ../../../../../ext/-test-/array/concat/to_ary_concat.c
compiling ../../../../ext/-test-/bug-3571/bug.c
compiling ../../../../../ext/-test-/arith_seq/extract/extract.c
compiling ../../../../ext/-test-/bignum/big2str.c
compiling ../../../../ext/-test-/bug-14834/bug-14384.c
linking shared-object -test-/abi.so
compiling ../../../../ext/-test-/RUBY_ALIGNOF/cpp.cpp
linking shared-object -test-/arith_seq/beg_len_step.so
compiling ../../../../ext/-test-/bignum/bigzero.c
compiling ../../../../ext/-test-/bignum/div.c
linking shared-object -test-/bug_14834.so
compiling ../../../../ext/-test-/bug-5832/bug.c
linking shared-object -test-/bug_3571.so
linking shared-object -test-/array/to_ary_concat.so
linking shared-object -test-/arith_seq/extract.so
linking shared-object -test-/array/resize.so
compiling ../../../../ext/-test-/bug_reporter/bug_reporter.c
compiling ../../../../ext/-test-/class/class2name.c
compiling ../../../../ext/-test-/cxxanyargs/cxxanyargs.cpp
compiling ../../../../ext/-test-/class/init.c
compiling ../../../../ext/-test-/debug/init.c
compiling ../../../../ext/-test-/bignum/init.c
compiling ../../../../../ext/-test-/dln/empty/empty.c
linking shared-object -test-/RUBY_ALIGNOF.so
linking shared-object -test-/bug_5832.so
compiling ../../../../ext/-test-/econv/append.c
compiling ../../../../ext/-test-/enumerator_kw/enumerator_kw.c
linking shared-object -test-/bug_reporter.so
compiling ../../../../ext/-test-/eval/eval.c
linking shared-object -test-/dln/empty.so
linking shared-object -test-/class.so
compiling ../../../../ext/-test-/bignum/intpack.c
compiling ../../../../ext/-test-/debug/inspector.c
compiling ../../../../ext/-test-/exception/dataerror.c
compiling ../../../../ext/-test-/fatal/rb_fatal.c
compiling ../../../../ext/-test-/econv/init.c
compiling ../../../../ext/-test-/file/fs.c
linking shared-object -test-/eval.so
compiling ../../../../ext/-test-/debug/profile_frames.c
linking shared-object -test-/enumerator_kw.so
compiling ../../../../ext/-test-/exception/enc_raise.c
compiling ../../../../ext/-test-/bignum/mul.c
compiling ../../../../ext/-test-/float/init.c
compiling ../../../../ext/-test-/funcall/funcall.c
linking shared-object -test-/fatal/rb_fatal.so
linking shared-object -test-/econv.so
compiling ../../../../../ext/-test-/gvl/call_without_gvl/call_without_gvl.c
compiling ../../../../ext/-test-/file/init.c
linking shared-object -test-/debug.so
compiling ../../../../ext/-test-/bignum/str2big.c
compiling ../../../../ext/-test-/exception/ensured.c
linking shared-object -test-/funcall.so
compiling ../../../../ext/-test-/float/nextafter.c
compiling ../../../../ext/-test-/file/stat.c
linking shared-object -test-/gvl/call_without_gvl.so
compiling ../../../../ext/-test-/hash/delete.c
compiling ../../../../ext/-test-/integer/core_ext.c
compiling ../../../../ext/-test-/iseq_load/iseq_load.c
linking shared-object -test-/bignum.so
compiling ../../../../ext/-test-/iter/break.c
linking shared-object -test-/file.so
compiling ../../../../ext/-test-/exception/init.c
compiling ../../../../ext/-test-/hash/init.c
compiling ../../../../ext/-test-/integer/init.c
compiling ../../../../../ext/-test-/load/dot.dot/dot.dot.c
linking shared-object -test-/float.so
linking shared-object -test-/iseq_load.so
linking shared-object -test-/cxxanyargs.so
compiling ../../../../../ext/-test-/load/protect/protect.c
compiling ../../../../ext/-test-/iter/init.c
compiling ../../../../../ext/-test-/marshal/compat/usrcompat.c
compiling ../../../../ext/-test-/iter/yield.c
linking shared-object -test-/exception.so
linking shared-object -test-/hash.so
compiling ../../../../../ext/-test-/marshal/internal_ivar/internal_ivar.c
compiling ../../../../ext/-test-/integer/my_integer.c
linking shared-object -test-/load/dot.dot.so
compiling ../../../../../ext/-test-/marshal/usr/usrmarshal.c
compiling ../../../../ext/-test-/memory_view/memory_view.c
compiling ../../../../ext/-test-/notimplement/bug.c
compiling ../../../../ext/-test-/method/arity.c
linking shared-object -test-/marshal/compat.so
linking shared-object -test-/load/protect.so
linking shared-object -test-/iter.so
compiling ../../../../ext/-test-/num2int/num2int.c
linking shared-object -test-/marshal/internal_ivar.so
compiling ../../../../ext/-test-/path_to_class/path_to_class.c
linking shared-object -test-/marshal/usr.so
linking shared-object -test-/integer.so
compiling ../../../../ext/-test-/popen_deadlock/infinite_loop_dlsym.c
linking shared-object -test-/notimplement.so
compiling ../../../../ext/-test-/printf/printf.c
compiling ../../../../ext/-test-/method/init.c
compiling ../../../../ext/-test-/postponed_job/postponed_job.c
compiling ../../../../ext/-test-/proc/init.c
compiling ../../../../ext/-test-/random/bad_version.c
linking shared-object -test-/num2int.so
linking shared-object -test-/path_to_class.so
linking shared-object -test-/memory_view.so
compiling ../../../../ext/-test-/rational/rat.c
linking shared-object -test-/method.so
compiling ../../../../ext/-test-/proc/receiver.c
compiling ../../../../ext/-test-/rb_call_super_kw/rb_call_super_kw.c
linking shared-object -test-/popen_deadlock/infinite_loop_dlsym.so
linking shared-object -test-/postponed_job.so
compiling ../../../../ext/-test-/recursion/recursion.c
compiling ../../../../ext/-test-/random/init.c
compiling ../../../../ext/-test-/regexp/init.c
compiling ../../../../ext/-test-/scan_args/scan_args.c
linking shared-object -test-/printf.so
compiling ../../../../ext/-test-/proc/super.c
linking shared-object -test-/rb_call_super_kw.so
compiling ../../../../../ext/-test-/st/foreach/foreach.c
linking shared-object -test-/rational.so
compiling ../../../../ext/-test-/random/loop.c
compiling ../../../../ext/-test-/regexp/parse_depth_limit.c
linking shared-object -test-/recursion.so
compiling ../../../../../ext/-test-/st/numhash/numhash.c
linking shared-object -test-/proc.so
compiling ../../../../../ext/-test-/st/update/update.c
compiling ../../../../ext/-test-/string/capacity.c
compiling ../../../../ext/-test-/struct/data.c
compiling ../../../../ext/-test-/symbol/init.c
linking shared-object -test-/st/foreach.so
linking shared-object -test-/random.so
linking shared-object -test-/st/update.so
linking shared-object -test-/regexp.so
linking shared-object -test-/st/numhash.so
compiling ../../../../ext/-test-/symbol/type.c
compiling ../../../../../ext/-test-/thread/instrumentation/instrumentation.c
compiling ../../../../ext/-test-/struct/duplicate.c
compiling ../../../../ext/-test-/thread_fd/thread_fd.c
compiling ../../../../ext/-test-/string/coderange.c
compiling ../../../../ext/-test-/time/init.c
compiling ../../../../ext/-test-/struct/init.c
compiling ../../../../ext/-test-/time/leap_second.c
compiling ../../../../ext/-test-/struct/len.c
linking shared-object -test-/thread_fd.so
linking shared-object -test-/thread/instrumentation.so
compiling ../../../../ext/-test-/time/new.c
linking shared-object -test-/symbol.so
compiling ../../../../ext/-test-/string/cstr.c
compiling ../../../../ext/-test-/tracepoint/gc_hook.c
compiling ../../../../ext/-test-/struct/member.c
compiling ../../../../ext/-test-/string/ellipsize.c
compiling ../../../../ext/-test-/tracepoint/tracepoint.c
compiling ../../../../ext/-test-/typeddata/typeddata.c
compiling ../../../../ext/-test-/string/enc_associate.c
linking shared-object -test-/time.so
linking shared-object -test-/struct.so
compiling ../../../../ext/-test-/string/enc_dummy.c
compiling ../../../../ext/-test-/string/enc_str_buf_cat.c
compiling ../../../../ext/-test-/vm/at_exit.c
linking shared-object -test-/typeddata.so
compiling ../../../../ext/-test-/wait/wait.c
linking shared-object -test-/tracepoint.so
compiling ../../../ext/bigdecimal/bigdecimal.c
linking shared-object -test-/scan_args.so
compiling ../../../../ext/cgi/escape/escape.c
compiling ../../../../ext/-test-/string/fstring.c
compiling ../../../ext/continuation/continuation.c
compiling ../../../ext/coverage/coverage.c
linking shared-object continuation.so
linking shared-object -test-/vm/at_exit.so
compiling ../../../../ext/-test-/string/init.c
compiling ../../../../ext/-test-/string/modify.c
linking shared-object -test-/wait.so
compiling ../../../../ext/-test-/string/new.c
linking shared-object cgi/escape.so
installing default coverage libraries
linking shared-object coverage.so
compiling ../../../ext/date/date_core.c
compiling ../../../ext/digest/digest.c
compiling ../../../../ext/erb/escape/escape.c
generating constant definitions
compiling ../../../ext/fcntl/fcntl.c
compiling ../../../ext/etc/etc.c
linking shared-object erb/escape.so
compiling ../../../../ext/-test-/string/nofree.c
linking shared-object fcntl.so
compiling ../../../ext/fiddle/closure.c
compiling ../../../ext/fiddle/conversions.c
compiling ../../../../ext/io/console/console.c
compiling ../../../../ext/io/nonblock/nonblock.c
installing digest libraries
installing default digest libraries
linking shared-object digest.so
compiling ../../../../ext/-test-/string/normalize.c
linking shared-object io/nonblock.so
compiling ../../../../ext/io/wait/wait.c
compiling ../../../ext/fiddle/fiddle.c
compiling ../../../../ext/-test-/string/qsort.c
linking shared-object etc.so
compiling ../../../ext/fiddle/function.c
linking shared-object io/console.so
compiling ../../../ext/monitor/monitor.c
compiling ../../../ext/nkf/nkf.c
compiling ../../../../ext/-test-/string/rb_interned_str.c
linking shared-object io/wait.so
installing default console libraries
compiling ../../../ext/objspace/object_tracing.c
compiling ../../../ext/fiddle/handle.c
compiling ../../../ext/objspace/objspace.c
installing default monitor libraries
linking shared-object monitor.so
compiling ../../../../ext/-test-/string/rb_str_dup.c
compiling ../../../ext/objspace/objspace_dump.c
compiling ../../../ext/fiddle/memory_view.c
compiling ../../../../ext/-test-/string/set_len.c
compiling ../../../ext/fiddle/pinned.c
compiling ../../../ext/fiddle/pointer.c
linking shared-object -test-/string.so
compiling ../../../ext/openssl/openssl_missing.c
compiling ../../../ext/bigdecimal/missing.c
installing default objspace libraries
compiling ../../../ext/pathname/pathname.c
installing default pathname libraries
compiling ../../../ext/openssl/ossl.c
installing default fiddle libraries
compiling ../../../ext/psych/psych.c
linking shared-object objspace.so
compiling ../../../ext/pty/pty.c
linking shared-object fiddle.so
compiling ../../../ext/psych/psych_emitter.c
sizes.c updated
limits.c updated
compiling sizes.c
compiling limits.c
installing default pty libraries
linking shared-object pty.so
installing default bigdecimal libraries
generating eventids1.c from ../../../parse.y
compiling ../../../ext/psych/psych_parser.c
compiling ../../../ext/openssl/ossl_asn1.c
compiling ../../../ext/openssl/ossl_bio.c
linking shared-object bigdecimal.so
generating eventids1.h from ../../../parse.y
linking shared-object rbconfig/sizeof.so
generating eventids2table.c from ../../../ext/ripper/eventids2.c
installing default libraries
generating constant definitions
extracting ripper.y from ../../../parse.y
compiling ../../../ext/stringio/stringio.c
compiling ../../../ext/psych/psych_to_ruby.c
linking shared-object pathname.so
installing default socket libraries
compiling ../../../ext/openssl/ossl_bn.c
compiling ../../../ext/socket/init.c
compiling ../../../ext/openssl/ossl_cipher.c
compiling ../../../ext/psych/psych_yaml_tree.c
installing default nkf libraries
linking shared-object nkf.so
checking ../../../parse.y and ../../../ext/ripper/eventids2.c
compiling ../../../ext/strscan/strscan.c
compiling eventids1.c
compiling ../../../ext/openssl/ossl_config.c
compiling ../../../ext/socket/constants.c
compiling ../../../ext/openssl/ossl_digest.c
linking shared-object strscan.so
compiling ../../../ext/ripper/eventids2.c
linking shared-object stringio.so
compiling ../../../ext/openssl/ossl_engine.c
compiling ../../../ext/openssl/ossl_hmac.c
compiling ../../../ext/openssl/ossl_kdf.c
linking shared-object psych.so
compiling compiler ripper.y
compiling ../../../ext/openssl/ossl_ns_spki.c
compiling ../../../ext/syslog/syslog.c
compiling ../../../ext/openssl/ossl_ocsp.c
compiling ../../../ext/openssl/ossl_pkcs12.c
compiling ../../../ext/openssl/ossl_pkcs7.c
linking shared-object syslog.so
compiling ../../../ext/openssl/ossl_pkey.c
installing default syslog libraries
compiling ../../../ext/openssl/ossl_pkey_dh.c
compiling ../../../ext/openssl/ossl_pkey_dsa.c
compiling ../../../ext/openssl/ossl_pkey_ec.c
compiling ../../../ext/openssl/ossl_pkey_rsa.c
compiling ../../../ext/date/date_parse.c
compiling ../../../ext/openssl/ossl_provider.c
compiling ../../../ext/socket/basicsocket.c
compiling ../../../ext/zlib/zlib.c
compiling ../../../ext/openssl/ossl_rand.c
compiling ../../../ext/socket/socket.c
compiling ../../../ext/socket/ipsocket.c
compiling ../../../ext/socket/tcpsocket.c
compiling ../../../ext/socket/tcpserver.c
compiling ../../../ext/socket/sockssocket.c
compiling ../../../ext/socket/udpsocket.c
compiling ../../../ext/openssl/ossl_ssl.c
compiling ../../../ext/socket/unixsocket.c
compiling ../../../ext/socket/unixserver.c
compiling ../../../ext/date/date_strftime.c
compiling ../../../ext/socket/option.c
compiling ../../../ext/socket/ancdata.c
compiling ../../../ext/socket/raddrinfo.c
compiling ../../../ext/socket/ifaddr.c
compiling ../../../ext/date/date_strptime.c
installing default date_core libraries
compiling ../../../ext/openssl/ossl_ssl_session.c
compiling ../../../ext/openssl/ossl_ts.c
linking shared-object zlib.so
compiling ../../../ext/openssl/ossl_x509.c
compiling ../../../ext/openssl/ossl_x509attr.c
compiling ../../../ext/openssl/ossl_x509cert.c
linking shared-object date_core.so
compiling ../../../ext/openssl/ossl_x509crl.c
compiling ../../../ext/openssl/ossl_x509ext.c
compiling ../../../ext/openssl/ossl_x509name.c
compiling ../../../../ext/digest/bubblebabble/bubblebabble.c
linking shared-object socket.so
compiling ../../../ext/openssl/ossl_x509req.c
compiling ../../../ext/openssl/ossl_x509revoked.c
compiling ../../../ext/openssl/ossl_x509store.c
linking shared-object digest/bubblebabble.so
generating ripper_init.c from ../../../ext/ripper/ripper_init.c.tmpl
compiling ../../../../ext/digest/md5/md5init.c
installing default openssl libraries
installing default ripper libraries
compiling ../../../../ext/digest/rmd160/rmd160init.c
compiling ../../../../ext/digest/sha1/sha1init.c
compiling ../../../../ext/digest/rmd160/rmd160.c
compiling ../../../../ext/digest/sha2/sha2init.c
compiling ../../../../ext/digest/sha2/sha2.c
compiling ../../../../ext/digest/md5/md5.c
compiling ../../../../ext/digest/sha1/sha1.c
compiling ../../../../ext/json/generator/generator.c
installing default sha2 libraries
compiling ripper_init.c
compiling ../../../../ext/json/parser/parser.c
linking shared-object digest/rmd160.so
linking shared-object digest/sha2.so
linking shared-object openssl.so
linking shared-object digest/md5.so
linking shared-object digest/sha1.so
linking shared-object json/ext/parser.so
linking shared-object json/ext/generator.so
compiling ripper.c
linking shared-object ripper.so
linking ruby
+ make -s -j9 install
Downloading bundled gem minitest-5.20.0...
Downloading bundled gem power_assert-2.0.3...
Downloading bundled gem rake-13.0.6...
Downloading bundled gem test-unit-3.6.1...
Downloading bundled gem rexml-3.2.6...
Downloading bundled gem rss-0.3.0...
Downloading bundled gem net-ftp-0.2.0...
Downloading bundled gem net-imap-0.4.2...
Downloading bundled gem net-pop-0.1.2...
Downloading bundled gem net-smtp-0.4.0...
Downloading bundled gem matrix-0.4.2...
Downloading bundled gem prime-0.1.2...
Downloading bundled gem typeprof-0.21.8...
Downloading bundled gem racc-1.7.1...
generating enc.mk
Cloning https://github.com/ruby/rbs
Cloning https://github.com/ruby/debug
Extracting bundle gem minitest-5.20.0...
Cloning into '../gems/src/rbs'...
Cloning into '../gems/src/debug'...
Extracting bundle gem power_assert-2.0.3...
Extracting bundle gem rake-13.0.6...
Extracting bundle gem test-unit-3.6.1...
Extracting bundle gem rexml-3.2.6...
Extracting bundle gem rss-0.3.0...
Extracting bundle gem net-ftp-0.2.0...
Unpacked gems/net-ftp-0.2.0.gem
Unpacked gems/power_assert-2.0.3.gem
Extracting bundle gem net-imap-0.4.2...
Extracting bundle gem net-pop-0.1.2...
Unpacked gems/rexml-3.2.6.gem
Unpacked gems/test-unit-3.6.1.gem
Extracting bundle gem net-smtp-0.4.0...
Extracting bundle gem matrix-0.4.2...
Unpacked gems/rss-0.3.0.gem
Unpacked gems/minitest-5.20.0.gem
Extracting bundle gem prime-0.1.2...
Unpacked gems/rake-13.0.6.gem
Extracting bundle gem typeprof-0.21.8...
Extracting bundle gem racc-1.7.1...
Unpacked gems/net-smtp-0.4.0.gem
Unpacked gems/matrix-0.4.2.gem
making srcs under enc
making enc
Unpacked gems/typeprof-0.21.8.gem
Unpacked gems/net-pop-0.1.2.gem
Unpacked gems/racc-1.7.1.gem
Unpacked gems/net-imap-0.4.2.gem
Unpacked gems/prime-0.1.2.gem
generating transdb.h
transdb.h updated
generating makefiles ext/configure-ext.mk
making trans
ext/configure-ext.mk updated
compiling ../enc/trans/transdb.c
Update debug to 927587afb6aac69b358b86a01f602d207053e8d2
linking transcoder transdb.so
making encs
Update rbs to 33813a60752624d58dfe5ae770b39bfaf29fbaf1
configuring racc-1.7.1/ext/racc/cparse
From https://github.com/ruby/debug
 * branch            927587afb6aac69b358b86a01f602d207053e8d2 -> FETCH_HEAD
HEAD is now at 927587a Stop assuming Integer#times is written in C
../.bundle/.timestamp/debug.revision updated
Building debug@927587afb6aac69b358b86a01f602d207053e8d2 to ../gems/debug-1.8.0.gem
From https://github.com/ruby/rbs
 * branch              33813a60752624d58dfe5ae770b39bfaf29fbaf1 -> FETCH_HEAD
HEAD is now at 33813a60 Use valid syntax
../.bundle/.timestamp/rbs.revision updated
  Successfully built RubyGem
  Name: debug
  Version: 1.8.0
  File: debug-1.8.0.gem
Extracting bundle gem debug-1.8.0...
Building rbs@33813a60752624d58dfe5ae770b39bfaf29fbaf1 to ../gems/rbs-3.2.2.gem
Unpacked gems/debug-1.8.0.gem
  Successfully built RubyGem
  Name: rbs
  Version: 3.2.2
  File: rbs-3.2.2.gem
Extracting bundle gem rbs-3.2.2...
Unpacked gems/rbs-3.2.2.gem
generating makefile exts.mk
exts.mk updated
compiling ../../../../../../../.bundle/gems/racc-1.7.1/ext/racc/cparse/cparse.c
ln -sfT ../../../../.bundle/gems/racc-1.7.1/lib ../../../../../../.bundle/gems/racc-1.7.1/lib
linking shared-object racc/cparse.so
Installing to 
installing binary commands:         /home/jaruga/git/ruby/ruby/build/install/bin
installing base libraries:          /home/jaruga/git/ruby/ruby/build/install/lib
installing arch files:              /home/jaruga/git/ruby/ruby/build/install/lib/ruby/3.3.0+0/powerpc64le-linux
installing pkgconfig data:          /home/jaruga/git/ruby/ruby/build/install/lib/pkgconfig
installing extension objects:       /home/jaruga/git/ruby/ruby/build/install/lib/ruby/3.3.0+0/powerpc64le-linux
installing extension objects:       /home/jaruga/git/ruby/ruby/build/install/lib/ruby/site_ruby/3.3.0+0/powerpc64le-linux
installing extension objects:       /home/jaruga/git/ruby/ruby/build/install/lib/ruby/vendor_ruby/3.3.0+0/powerpc64le-linux
installing extension headers:       /home/jaruga/git/ruby/ruby/build/install/include/ruby-3.3.0+0/powerpc64le-linux
installing extension scripts:       /home/jaruga/git/ruby/ruby/build/install/lib/ruby/3.3.0+0
installing extension scripts:       /home/jaruga/git/ruby/ruby/build/install/lib/ruby/site_ruby/3.3.0+0
installing extension scripts:       /home/jaruga/git/ruby/ruby/build/install/lib/ruby/vendor_ruby/3.3.0+0
installing extension headers:       /home/jaruga/git/ruby/ruby/build/install/include/ruby-3.3.0+0/ruby
installing command scripts:         /home/jaruga/git/ruby/ruby/build/install/bin
installing library scripts:         /home/jaruga/git/ruby/ruby/build/install/lib/ruby/3.3.0+0
installing common headers:          /home/jaruga/git/ruby/ruby/build/install/include/ruby-3.3.0+0
installing manpages:                /home/jaruga/git/ruby/ruby/build/install/share/man/man1
installing default gems from lib:   /home/jaruga/git/ruby/ruby/build/install/lib/ruby/gems/3.3.0+0
                                    abbrev 0.1.1
                                    base64 0.1.1
                                    benchmark 0.2.1
                                    bundler 2.5.0.dev
                                    cgi 0.3.6
                                    csv 3.2.8
                                    delegate 0.3.0
                                    did_you_mean 1.6.3
                                    drb 2.1.1
                                    english 0.7.2
                                    erb 4.0.3
                                    error_highlight 0.5.1
                                    fileutils 1.7.1
                                    find 0.1.1
                                    forwardable 1.3.3
                                    getoptlong 0.2.0
                                    ipaddr 1.2.5
                                    irb 1.8.3
                                    logger 1.5.3
                                    mutex_m 0.1.2
                                    net-http 0.3.2
                                    net-protocol 0.2.1
                                    observer 0.1.1
                                    open-uri 0.3.0
                                    open3 0.1.2
                                    optparse 0.4.0.pre.1
                                    ostruct 0.5.5
                                    pp 0.4.0
                                    prettyprint 0.1.1
                                    prism 0.15.1
                                    pstore 0.1.2
                                    rdoc 6.5.0
                                    readline 0.0.3
                                    reline 0.3.9
                                    resolv 0.2.2
                                    resolv-replace 0.1.1
                                    rinda 0.1.1
                                    ruby2_keywords 0.0.5
                                    securerandom 0.2.2
                                    set 1.0.3
                                    shellwords 0.1.0
                                    singleton 0.1.1
                                    syntax_suggest 1.1.0
                                    tempfile 0.1.3
                                    time 0.2.2
                                    timeout 0.4.0
                                    tmpdir 0.1.3
                                    tsort 0.1.1
                                    un 0.2.1
                                    uri 0.12.2
                                    weakref 0.1.2
                                    yaml 0.2.1
installing default gems from ext:   /home/jaruga/git/ruby/ruby/build/install/lib/ruby/gems/3.3.0+0
                                    bigdecimal 3.1.5
                                    date 3.3.3
                                    digest 3.1.1
                                    etc 1.4.2
                                    fcntl 1.0.2
                                    fiddle 1.1.2
                                    io-console 0.6.1.dev
                                    io-nonblock 0.2.0
                                    io-wait 0.3.0
                                    json 2.6.3
                                    nkf 0.1.3
                                    openssl 3.2.0
                                    pathname 0.2.1
                                    psych 5.1.1.1
                                    stringio 3.0.9
                                    strscan 3.0.7
                                    syslog 0.1.1
                                    zlib 3.0.0
installing bundled gems:            /home/jaruga/git/ruby/ruby/build/install/lib/ruby/gems/3.3.0+0
                                    minitest 5.20.0
                                    power_assert 2.0.3
                                    rake 13.0.6
                                    test-unit 3.6.1
                                    rexml 3.2.6
                                    rss 0.3.0
                                    net-ftp 0.2.0
                                    net-imap 0.4.2
                                    net-pop 0.1.2
                                    net-smtp 0.4.0
                                    matrix 0.4.2
                                    prime 0.1.2
                                    rbs 3.2.2
                                    typeprof 0.21.8
                                    debug 1.8.0
                                    racc 1.7.1
installing bundled gem cache:       /home/jaruga/git/ruby/ruby/build/install/lib/ruby/gems/3.3.0+0/cache
+ make -s test
 PASS all 1858 tests
 Ignore setproctitle.o because of setproctitle.c under missing
Ignore strlcat.o because of strlcat.c under missing
Ignore strlcpy.o because of strlcpy.c under missing
Checking leaked global symbols...none
/home/jaruga/git/ruby/ruby/basictest/test.rb:assignment ....................................................................................................................................................................................................................................................................................................................................................................................
/home/jaruga/git/ruby/ruby/basictest/test.rb:condition ..
/home/jaruga/git/ruby/ruby/basictest/test.rb:if/unless ...
/home/jaruga/git/ruby/ruby/basictest/test.rb:case .....
/home/jaruga/git/ruby/ruby/basictest/test.rb:while/until ........
/home/jaruga/git/ruby/ruby/basictest/test.rb:exception ..........
/home/jaruga/git/ruby/ruby/basictest/test.rb:array .......................................
/home/jaruga/git/ruby/ruby/basictest/test.rb:hash ...........................
/home/jaruga/git/ruby/ruby/basictest/test.rb:iterator ...........................................................................................................
/home/jaruga/git/ruby/ruby/basictest/test.rb:float ................................................................................
/home/jaruga/git/ruby/ruby/basictest/test.rb:bignum ...............................
/home/jaruga/git/ruby/ruby/basictest/test.rb:string & char ..............................................................
/home/jaruga/git/ruby/ruby/basictest/test.rb:assignment ..........
/home/jaruga/git/ruby/ruby/basictest/test.rb:call ......
/home/jaruga/git/ruby/ruby/basictest/test.rb:proc .........
/home/jaruga/git/ruby/ruby/basictest/test.rb:signal ..
/home/jaruga/git/ruby/ruby/basictest/test.rb:eval ...........................
/home/jaruga/git/ruby/ruby/basictest/test.rb:system ........
/home/jaruga/git/ruby/ruby/basictest/test.rb:const .....
/home/jaruga/git/ruby/ruby/basictest/test.rb:clone .....
/home/jaruga/git/ruby/ruby/basictest/test.rb:marshal ....
/home/jaruga/git/ruby/ruby/basictest/test.rb:pack ....
/home/jaruga/git/ruby/ruby/basictest/test.rb:math ..
/home/jaruga/git/ruby/ruby/basictest/test.rb:struct ......
/home/jaruga/git/ruby/ruby/basictest/test.rb:variable ............
/home/jaruga/git/ruby/ruby/basictest/test.rb:trace ...
/home/jaruga/git/ruby/ruby/basictest/test.rb:defined? ............
/home/jaruga/git/ruby/ruby/basictest/test.rb:alias ......
/home/jaruga/git/ruby/ruby/basictest/test.rb:path .......................
/home/jaruga/git/ruby/ruby/basictest/test.rb:gc ....

test succeeded
+ make -s test-all RUBYOPT=-w
generating enc.mk
making enc
making srcs under enc
generating transdb.h
transdb.h unchanged
making trans
making encs
generating makefiles ext/configure-ext.mk
ext/configure-ext.mk updated
configuring debug-1.8.0/ext/debug
configuring rbs-3.2.2/ext/rbs_extension
yes
creating Makefile
creating extconf.h
generating makefile exts.mk
exts.mk updated
compiling ../../../../../../.bundle/gems/debug-1.8.0/ext/debug/debug.c
compiling ../../../../../../.bundle/gems/debug-1.8.0/ext/debug/iseq_collector.c
linking shared-object debug/debug.so
ln -sfT ../../../../.bundle/gems/debug-1.8.0/lib ../../../../../.bundle/gems/debug-1.8.0/lib
compiling ../../../../../../.bundle/gems/rbs-3.2.2/ext/rbs_extension/constants.c
compiling ../../../../../../.bundle/gems/rbs-3.2.2/ext/rbs_extension/lexer.c
compiling ../../../../../../.bundle/gems/rbs-3.2.2/ext/rbs_extension/lexstate.c
compiling ../../../../../../.bundle/gems/rbs-3.2.2/ext/rbs_extension/location.c
compiling ../../../../../../.bundle/gems/rbs-3.2.2/ext/rbs_extension/main.c
compiling ../../../../../../.bundle/gems/rbs-3.2.2/ext/rbs_extension/parser.c
compiling ../../../../../../.bundle/gems/rbs-3.2.2/ext/rbs_extension/parserstate.c
compiling ../../../../../../.bundle/gems/rbs-3.2.2/ext/rbs_extension/ruby_objs.c
compiling ../../../../../../.bundle/gems/rbs-3.2.2/ext/rbs_extension/unescape.c
linking shared-object rbs_extension.so
ln -sfT ../../../../.bundle/gems/rbs-3.2.2/lib ../../../../../.bundle/gems/rbs-3.2.2/lib
Run options: 
  --seed=62693
  "--ruby=./miniruby -I../lib -I. -I.ext/common  ../tool/runruby.rb --extout=.ext  -- --disable-gems"
  --excludes-dir=../test/.excludes
  --name=!/memory_leak/
  -j9
  -q
  --tty=no

# Running tests:

[  1/903] 3361307=test_rdoc_task
[  2/903] 3361308=test_backtrace
[  3/903] 3361315=test_ellipsize
[  4/903] 3361306=test_rendering
[  5/903] 3361309=encoding_test
[  6/903] 3361315=test_class_name_check
[  7/903] 3361311=test_addrinfo
[  8/903] 3361315=test_grapheme_breaks
[  9/903] 3361315=json_generator_test
[ 10/903] 3361319=test_key_stroke
[ 11/903] 3361312=test_rdoc_i18n_locale
[ 12/903] 3361311=test_to_ruby
[ 13/903] 3361309=test_bug-14834
[ 14/903] 3361306=test_terminfo
[ 15/903] 3361310=test_class
[ 16/903] 3361306=test_keyword
[ 17/903] 3361311=test_ossl
[ 18/903] 3361310=test_pkcs12
[ 19/903] 3361309=test_ruby_lex
[ 20/903] 3361319=test_encodings
[ 21/903] 3361315=test_logperiod
[ 22/903] 3361315=test_gem_source_fetch_problem
[ 23/903] 3361307=test_enum
[ 24/903] 3361309=test_delegation
[ 25/903] 3361309=test_rdoc_method_attr
[ 26/903] 3361315=test_gem_ext_cargo_builder_unit
[ 27/903] 3361315=test_win32ole_param_event
[ 28/903] 3361315=test_flags
[ 29/903] 3361312=test_ractor_compatibility
[ 30/903] 3361308=test_case_mapping
[ 31/903] 3361306=test_rdoc_rubygems_hook
[ 32/903] 3361308=test_euc_jp
[ 33/903] 3361308=test_object
[ 34/903] 3361308=test_alias_and_anchor
[ 35/903] 3361308=test_object_create_start
[ 36/903] 3361308=test_tcp
[ 37/903] 3361319=test_gem_command
[ 38/903] 3361310=test_history
[ 39/903] 3361309=test_weakref
[ 40/903] 3361308=test_gem_commands_cert_command
[ 41/903] 3361310=test_x509cert
[ 42/903] 3361306=test_timeout
[ 43/903] 3361312=test_data
[ 44/903] 3361309=test_write
[ 45/903] 3361312=test_logdevice
[ 46/903] 3361309=test_utf16
[ 47/903] 3361309=test_rdoc_markup_paragraph
[ 48/903] 3361309=test_rdoc_generator_darkfish
[ 49/903] 3361319=test_date_attr
[ 50/903] 3361319=test_ractor
[ 51/903] 3361319=test_emitter
[ 52/903] 3361319=test_condition
[ 53/903] 3361319=test_cp949
[ 54/903] 3361319=test_bigmath
[ 55/903] 3361306=test_store
[ 56/903] 3361307=test_sorted_set
[ 57/903] 3361319=test_emoji
[ 58/903] 3361319=test_rdoc_rd_inline_parser
[ 59/903] 3361309=test_recursion
[ 60/903] 3361309=test_row
[ 61/903] 3361306=errors_test
[ 62/903] 3361309=test_did_you_mean
[ 63/903] 3361309=test_gem_spec_fetcher
[ 64/903] 3361310=test_vm_dump
[ 65/903] 3361307=test_require_lib
[ 66/903] 3361310=test_ole_methods
[ 67/903] 3361310=test_objectspace
[ 68/903] 3361306=test_pstore
[ 69/903] 3361306=comments_test
[ 70/903] 3361306=test_gem_security
[ 71/903] 3361315=test_call
[ 72/903] 3361319=test_scheduler
[ 73/903] 3361319=test_stream
[ 74/903] 3361312=test_fips
[ 75/903] 3361319=test_cgi_tag_helper
[ 76/903] 3361315=test_helper
[ 77/903] 3361309=test_enc_raise
[ 78/903] 3361315=test_err_in_callback
[ 79/903] 3361315=test_ifunless
[ 80/903] 3361315=test_io
[ 81/903] 3361309=json_addition_test
[ 82/903] 3361319=test_config
[ 83/903] 3361309=test_qsort
[ 84/903] 3361309=test_rdoc_servlet
[ 85/903] 3361319=test_data_converters
[ 86/903] 3361319=test_framework
[ 87/903] 3361319=test_depth_first
[ 88/903] 3361315=test_emoji_breaks
[ 89/903] 3361315=test_rdoc_generator_json_index
[ 90/903] 3361319=test_date_marshal
[ 91/903] 3361319=test_gem_install_update_options
[ 92/903] 3361309=test_memory_view
[ 93/903] 3361312=test_rdoc_generator_pot_po
[ 94/903] 3361312=test_module
[ 95/903] 3361308=test_ssl
[ 96/903] 3361310=test_mul
[ 97/903] 3361309=test_x509req
[ 98/903] 3361310=test_nofree
[ 99/903] 3361310=test_gem_source_list
[100/903] 3361319=test_yaml_special_cases
[101/903] 3361319=test_tempfile
[102/903] 3361315=test_cesu8
[103/903] 3361315=test_insns_leaf
[104/903] 3361315=test_rdoc_markup_hard_break
[105/903] 3361315=newline_test
[106/903] 3361315=test_kconv
[107/903] 3361315=test_gem_request
[108/903] 3361319=test_eval
[109/903] 3361310=test_pkg_config
[110/903] 3361309=test_dot_dot
[111/903] 3361309=test_gem_resolver_local_specification
[112/903] 3361310=test_gem_commands_update_command
[113/903] 3361309=test_windows_1252
[114/903] 3361309=test_integer
[115/903] 3361315=test_rubyvm
[116/903] 3361315=test_debug
[117/903] 3361315=test_member
[118/903] 3361315=test_gem_resolver_git_set
[119/903] 3361319=test_dln
[120/903] 3361319=test_gb18030
[121/903] 3361319=test_str2big
[122/903] 3361319=test_gem_ext_cargo_builder_link_flag_converter
[123/903] 3361319=test_ractor
[124/903] 3361319=test_ssl
[125/903] 3361312=test_gem_resolver_lock_set
[126/903] 3361319=test_random
[127/903] 3361312=test_gem_source_local
[128/903] 3361319=test_file
[129/903] 3361312=test_key_name_check
[130/903] 3361312=bom_test
[131/903] 3361312=test_error_highlight
[132/903] 3361315=test_null
[133/903] 3361315=test_load
[134/903] 3361306=test_gem_update_suggestion
[135/903] 3361310=test_marshal
[136/903] 3361315=test_observer
[137/903] 3361315=test_ldap
[138/903] 3361315=test_cgi_session
[139/903] 3361315=test_parser
[140/903] 3361315=test_x509attr
[141/903] 3361306=test_gem_gemcutter_utilities
[142/903] 3361315=test_x509crl
[143/903] 3361311=test_gem_commands_cleanup_command
[144/903] 3361312=test_noarg
[145/903] 3361315=test_cgi_core
[146/903] 3361306=test_utf32
[147/903] 3361315=test_rdoc_parser
[148/903] 3361312=test_recorder
[149/903] 3361306=test_parser_events
[150/903] 3361310=test_gem
[151/903] 3361312=test_date_new
[152/903] 3361306=test_color_printer
[153/903] 3361315=test_refinement
[154/903] 3361312=test_class2name
[155/903] 3361306=test_gem_commands_yank_command
[156/903] 3361312=test_emitter
[157/903] 3361312=test_x509ext
[158/903] 3361312=test_shift_jis
[159/903] 3361312=test_fixnum
[160/903] 3361312=test_human_typo
[161/903] 3361312=test_signal
[162/903] 3361306=test_gem_uninstaller
[163/903] 3361307=test_gem_commands_unpack_command
[164/903] 3361311=test_ansi_with_terminfo
[165/903] 3361311=test_flip
[166/903] 3361311=test_gem_commands_which_command
[167/903] 3361311=test_rdoc_markup_to_rdoc
[168/903] 3361307=test_time_tz
[169/903] 3361311=test_syslog_logger
[170/903] 3361309=test_ws
[171/903] 3361307=test_gem_installer
[172/903] 3361309=test_gem_commands_server_command
[173/903] 3361309=test_common
[174/903] 3361319=test_hash_create
[175/903] 3361319=test_reline
[176/903] 3361311=test_files_ext
[177/903] 3361311=test_sexp
[178/903] 3361311=test_file
[179/903] 3361311=test_monitor
[180/903] 3361319=test_eval_history
[181/903] 3361309=dispatcher_test
[182/903] 3361312=test_init
[183/903] 3361309=test_whileuntil
[184/903] 3361309=test_nil2vtempty
[185/903] 3361309=test_ractor
[186/903] 3361319=test_rdoc_normal_class
[187/903] 3361309=test_switch_hitter
[188/903] 3361311=test_arity
[189/903] 3361309=test_gem_dependency
[190/903] 3361311=test_gem_package_old
[191/903] 3361319=test_gem_source_installed
[192/903] 3361319=test_gem_resolver_vendor_set
[193/903] 3361311=test_gem_command_manager
[194/903] 3361319=test_read
[195/903] 3361306=test_symbol
[196/903] 3361306=test_socket
[197/903] 3361312=test_mutex
[198/903] 3361309=test_at_exit
[199/903] 3361309=test_gem_local_remote_options
[200/903] 3361310=test_rdoc_cross_reference
[201/903] 3361319=test_struct
[202/903] 3361311=test_duplicate
[203/903] 3361311=test_rdoc_markdown_test
[204/903] 3361309=test_rdoc_normal_module
[205/903] 3361319=test_gem_resolver_specification
[206/903] 3361319=test_abbrev
[207/903] 3361309=test_files_test_1
[208/903] 3361319=test_summary
[209/903] 3361319=test_webauthn_poller
[210/903] 3361306=test_rdoc_rd_inline
[211/903] 3361306=test_handle
[212/903] 3361312=test_raise_no_backtrace_exception
[213/903] 3361319=test_path
[214/903] 3361319=test_stringio
[215/903] 3361306=test_foreach
[216/903] 3361306=test_gem_request_set_gem_dependency_api
[217/903] 3361319=test_case_comprehensive
[218/903] 3361319=test_gem_commands_push_command
[219/903] 3361310=test_m17n_comb
[220/903] 3361312=test_undef
[221/903] 3361312=test_gem_commands_signout_command
[222/903] 3361312=magic_comment_test
[223/903] 3361312=test_hash
[224/903] 3361312=test_eval
[225/903] 3361312=test_nomethod_error
[226/903] 3361312=test_drbunix
[227/903] 3361306=test_digest
[228/903] 3361319=test_yaml_tree
[229/903] 3361319=test_rdoc_comment
[230/903] 3361319=test_function_entry
[231/903] 3361319=test_autoconf
[232/903] 3361319=test_gem_impossible_dependencies_error
[233/903] 3361319=test_fiddle
[234/903] 3361319=test_time
[235/903] 3361306=test_exception
[236/903] 3361319=test_cgi_multipart
[237/903] 3361319=test_date_strftime
[238/903] 3361315=test_ractor
[239/903] 3361311=test_rdoc_top_level
[240/903] 3361315=test_http_request
[241/903] 3361315=test_thread
[242/903] 3361311=test_have_macro
[243/903] 3361308=test_gem_version
[244/903] 3361308=test_basicsocket
[245/903] 3361306=test_color
[246/903] 3361308=test_gem_config_file
[247/903] 3361319=test_kill_ring
[248/903] 3361319=test_gem_commands_uninstall_command
[249/903] 3361306=test_yjit_exit_locations
[250/903] 3361306=test_bignum
[251/903] 3361306=test_nonblock
[252/903] 3361306=ractor_test
[253/903] 3361308=test_strip
[254/903] 3361308=test_assembler
[255/903] 3361308=test_integer
[256/903] 3361306=test_variable_name_check
[257/903] 3361311=test_gem_commands_owner_command
[258/903] 3361306=test_readpartial
[259/903] 3361308=test_load
[260/903] 3361308=test_gem_name_tuple
[261/903] 3361308=test_rdoc_markup_verbatim
[262/903] 3361306=test_rubygems
[263/903] 3361308=test_rdoc_generator_pot_po_entry
[264/903] 3361308=test_mkmf
[265/903] 3361306=test_require
[266/903] 3361311=test_console_attr
[267/903] 3361308=test_nextafter
[268/903] 3361311=test_capacity
[269/903] 3361311=test_rdoc_generator_ri
[270/903] 3361311=test_gem_stream_ui
[271/903] 3361308=test_gem_source_vendor
[272/903] 3361308=test_drb
[273/903] 3361311=test_deprecate
[274/903] 3361311=test_rdoc_constant
[275/903] 3361319=test_require
[276/903] 3361319=test_convertible
[277/903] 3361311=test_rdoc_markdown
[278/903] 3361311=test_rdoc_rd
[279/903] 3361310=test_benchmark
[280/903] 3361311=test_ubf_async_safe
[281/903] 3361311=test_rdoc_text
[282/903] 3361311=test_win32ole_record
[283/903] 3361311=test_modify_expand
[284/903] 3361311=test_big2str
[285/903] 3361311=test_rdoc_encoding
[286/903] 3361311=test_gem_source
[287/903] 3361311=test_gem_available_set
[288/903] 3361310=test_clone
[289/903] 3361311=test_rdoc_markup_formatter
[290/903] 3361311=test_bmethod
[291/903] 3361311=test_gem_package_tar_writer
[292/903] 3361310=test_each
[293/903] 3361312=test_patterns
[294/903] 3361310=test_rdoc_any_method
[295/903] 3361312=test_complexrational
[296/903] 3361312=test_getopts
[297/903] 3361311=test_unicode_normalize
[298/903] 3361312=json_string_matching_test
[299/903] 3361312=test_yield
[300/903] 3361311=test_profile_frames
[301/903] 3361311=test_gem_requirement
[302/903] 3361309=test_stat
[303/903] 3361309=test_reline_key
[304/903] 3361309=test_iseq
[305/903] 3361310=test_c_struct_builder
[306/903] 3361307=test_rdoc_parser_c
[307/903] 3361311=test_http
[308/903] 3361311=test_coder
[309/903] 3361311=test_rdoc_markup_pre_process
[310/903] 3361310=test_symbol
[311/903] 3361311=test_context
[312/903] 3361307=test_method_name_check
[313/903] 3361307=fuzzer_test
[314/903] 3361311=test_cgi_modruby
[315/903] 3361311=json_fixtures_test
[316/903] 3361307=test_unix
[317/903] 3361307=test_struct
[318/903] 3361307=test_pp
[319/903] 3361311=test_ssl_session
[320/903] 3361307=test_win32ole_type
[321/903] 3361307=test_rdoc_context_section
[322/903] 3361307=library_symbols_test
[323/903] 3361307=test_require
[324/903] 3361306=test_instrumentation_api
[325/903] 3361309=test_ocsp
[326/903] 3361306=test_integer_comb
[327/903] 3361310=test_gem_security_signer
[328/903] 3361309=test_bug-3571
[329/903] 3361309=test_base64
[330/903] 3361309=test_row_separator
[331/903] 3361309=test_update
[332/903] 3361309=test_rdoc_markup_parser
[333/903] 3361311=test_yaml
[334/903] 3361309=test_cmd
[335/903] 3361310=test_rdoc_markup_indented_paragraph
[336/903] 3361310=test_io_m17n
[337/903] 3361311=test_formatter
[338/903] 3361311=test_string_processing
[339/903] 3361315=test_acl
[340/903] 3361311=test_workspace
[341/903] 3361315=test_debug_cmd
[342/903] 3361315=test_rat
[343/903] 3361315=test_win32ole_method_event
[344/903] 3361315=test_bigzero
[345/903] 3361315=test_random_formatter
[346/903] 3361315=test_gem_resolver_api_set
[347/903] 3361311=test_gem_commands_open_command
[348/903] 3361315=test_bug-5832
[349/903] 3361315=test_gem_commands_fetch_command
[350/903] 3361311=test_erb_command
[351/903] 3361311=test_rdoc_ri_driver
[352/903] 3361315=test_external_new
[353/903] 3361315=test_httpheader
[354/903] 3361315=test_gem_validator
[355/903] 3361315=test_rdoc_code_object
[356/903] 3361307=test_tree_spell_checker
[357/903] 3361307=test_win32ole_typelib
[358/903] 3361307=test_fstring
[359/903] 3361311=test_rdoc_markup_raw
[360/903] 3361311=test_acceptable
[361/903] 3361311=test_object
[362/903] 3361307=test_ostruct
[363/903] 3361315=test_gem_commands_contents_command
[364/903] 3361307=test_erb
[365/903] 3361309=test_unconverted_fields
[366/903] 3361307=test_key_event_record
[367/903] 3361309=test_printf
[368/903] 3361315=test_x509store
[369/903] 3361309=test_func
[370/903] 3361307=test_gem_ext_cargo_builder
[371/903] 3361311=test_exception_at_throwing
[372/903] 3361307=test_gem_commands_query_command
[373/903] 3361311=test_ractor
[374/903] 3361311=test_continuation
[375/903] 3361315=test_class
[376/903] 3361312=test_const
[377/903] 3361312=test_pattern_key_name_check
[378/903] 3361312=test_signedness
[379/903] 3361311=test_ractor
[380/903] 3361311=test_install
[381/903] 3361310=test_arith_seq_extract
[382/903] 3361311=test_delete
[383/903] 3361307=test_regexp
[384/903] 3361311=test_bundled_ca
[385/903] 3361310=test_abi
[386/903] 3361310=test_placearg
[387/903] 3361311=test_typeddata
[388/903] 3361310=test_ripper
[389/903] 3361310=test_bash_completion
[390/903] 3361310=test_date_arith
[391/903] 3361310=test_rdoc_token_stream
[392/903] 3361310=test_io_buffer
[393/903] 3361310=test_mutex_m
[394/903] 3361310=parse_serialize_test
[395/903] 3361319=test_helper
[396/903] 3361319=test_inlinecache
[397/903] 3361310=test_rdoc_single_class
[398/903] 3361311=test_pair
[399/903] 3361319=test_trick
[400/903] 3361310=test_addr
[401/903] 3361310=test_autoload
[402/903] 3361309=test_files_test
[403/903] 3361309=test_rdoc_rdoc
[404/903] 3361309=test_gem_platform
[405/903] 3361309=test_econv
[406/903] 3361306=test_quote_empty
[407/903] 3361306=test_date_conv
[408/903] 3361306=test_config
[409/903] 3361308=test_egrep_cpp
[410/903] 3361306=test_gem_silent_ui
[411/903] 3361306=test_stack
[412/903] 3361308=test_lexer
[413/903] 3361308=test_skip_lines
[414/903] 3361308=test_line_editor
[415/903] 3361308=test_random
[416/903] 3361308=test_string_memory
[417/903] 3361309=test_gem_dependency_list
[418/903] 3361308=test_parse
[419/903] 3361309=test_rdoc_markup_to_html_snippet
[420/903] 3361309=test_type
[421/903] 3361309=test_weakkeymap
[422/903] 3361308=test_rdoc_markup
[423/903] 3361308=test_gem_request_set_lockfile_tokenizer
[424/903] 3361309=test_win32ole_variant_outarg
[425/903] 3361309=test_win32ole_variant_m
[426/903] 3361309=test_iseq_load
[427/903] 3361308=test_lambda
[428/903] 3361312=test_zsh_completion
[429/903] 3361312=test_tree_builder
[430/903] 3361312=test_invalid
[431/903] 3361312=test_protect
[432/903] 3361312=test_set
[433/903] 3361308=test_gem_commands_stale_command
[434/903] 3361312=test_files_sample
[435/903] 3361308=test_gem_package_tar_header
[436/903] 3361308=test_parser
[437/903] 3361306=test_string
[438/903] 3361308=test_exception
[439/903] 3361308=test_basicinstructions
[440/903] 3361312=test_set_len
[441/903] 3361312=test_weakmap
[442/903] 3361308=test_key_actor_emacs
[443/903] 3361311=test_provider
[444/903] 3361308=test_transcode
[445/903] 3361311=test_dup
[446/903] 3361308=test_compile_prism
[447/903] 3361311=test_optarg
[448/903] 3361311=test_normalize
[449/903] 3361311=test_len
[450/903] 3361309=test_assignment
[451/903] 3361311=test_gem_rdoc
[452/903] 3361315=test_notimplement
[453/903] 3361315=test_to_ary_concat
[454/903] 3361308=test_sprintf
[455/903] 3361311=test_rdoc_parser_changelog
[456/903] 3361311=test_ipaddr
[457/903] 3361311=test_inputs_scanner
[458/903] 3361306=test_rdoc_markup_include
[459/903] 3361306=test_column_separator
[460/903] 3361311=test_gem_ext_cmake_builder
[461/903] 3361306=test_unicode_escape
[462/903] 3361311=test_num2int
[463/903] 3361308=test_ast
[464/903] 3361311=test_rdoc_markup_attribute_manager
[465/903] 3361311=test_gem_resolver_composed_set
[466/903] 3361311=test_iter_break
[467/903] 3361311=test_wss
[468/903] 3361306=!Nothing_to_test
[469/903] 3361306=test_pinned
[470/903] 3361311=test_find
[471/903] 3361311=test_rdoc_tom_doc
[472/903] 3361306=test_address_resolve
[473/903] 3361311=test_array
[474/903] 3361306=unescape_test
[475/903] 3361319=test_fd_setsize
[476/903] 3361319=test_exit
[477/903] 3361319=json_encoding_test
[478/903] 3361307=test_verbose
[479/903] 3361319=test_kernel
[480/903] 3361307=test_drbobject
[481/903] 3361307=test_gem_commands_outdated_command
[482/903] 3361315=test_interned_str
[483/903] 3361315=test_gem_commands_install_command
[484/903] 3361307=test_pty
[485/903] 3361319=test_force_quotes
[486/903] 3361319=test_path_to_class
[487/903] 3361319=test_gem_ext_ext_conf_builder
[488/903] 3361307=json_parser_test
[489/903] 3361307=test_popen_deadlock
[490/903] 3361309=test_gem_security_trust_dir
[491/903] 3361309=test_not
[492/903] 3361309=test_enumerable
[493/903] 3361309=test_cgi_header
[494/903] 3361309=test_tuplebag
[495/903] 3361309=test_pattern_matching
[496/903] 3361309=test_tsort
[497/903] 3361309=test_within_pipe
[498/903] 3361309=test_enc_str_buf_cat
[499/903] 3361309=test_backtrace
[500/903] 3361309=test_beginendblock
[501/903] 3361306=test_gem_commands_info_command
[502/903] 3361306=test_array_create
[503/903] 3361306=test_float
[504/903] 3361307=test_kdf
[505/903] 3361307=test_optimization
[506/903] 3361309=test_syslog
[507/903] 3361309=test_irb
[508/903] 3361309=test_internal_ivar
[509/903] 3361309=test_gem_bundler_version_finder
[510/903] 3361309=test_deprecated
[511/903] 3361306=test_gem_commands_specification_command
[512/903] 3361319=test_date_parse
[513/903] 3361309=compiler_test
[514/903] 3361309=test_thread
[515/903] 3361309=test_rdoc_markup_to_joined_paragraph
[516/903] 3361309=test_div
[517/903] 3361309=test_psych
[518/903] 3361309=test_project_sanity
[519/903] 3361312=test_pkey_ec
[520/903] 3361309=test_uncorrectable_name_check
[521/903] 3361309=test_tracepoint
[522/903] 3361306=test_ansi_without_terminfo
[523/903] 3361306=test_shellwords
[524/903] 3361306=test_webauthn_listener_response
[525/903] 3361319=test_gem_ext_builder
[526/903] 3361306=test_gem_commands_generate_index_command
[527/903] 3361312=test_pointer
[528/903] 3361306=test_ensured
[529/903] 3361315=test_omap
[530/903] 3361315=test_windows_1251
[531/903] 3361306=test_header
[532/903] 3361306=test_append
[533/903] 3361306=test_rdoc_stats
[534/903] 3361315=test_http
[535/903] 3361306=test_rdoc_markup_to_label
[536/903] 3361306=test_input_method
[537/903] 3361306=ripper_compat_test
[538/903] 3361310=test_rdoc_store
[539/903] 3361306=test_default_gems
[540/903] 3361306=test_koi8
[541/903] 3361306=test_memory_view
[542/903] 3361306=constant_path_node_test
[543/903] 3361306=test_gem_commands_build_command
[544/903] 3361309=test_buffering
[545/903] 3361309=test_filter
[546/903] 3361312=test_gem_remote_fetcher
[547/903] 3361309=test_gem_request_set
[548/903] 3361306=locals_test
[549/903] 3361311=test_frozen
[550/903] 3361311=test_gc_compact
[551/903] 3361310=test_option
[552/903] 3361306=test_files_lib
[553/903] 3361310=test_tmpdir
[554/903] 3361309=test_remote_fetch_error
[555/903] 3361309=test_ractor
[556/903] 3361310=test_severity
[557/903] 3361309=test_object_references
[558/903] 3361309=test_digest_extend
[559/903] 3361310=location_test
[560/903] 3361309=test_method_cache
[561/903] 3361309=test_gbk
[562/903] 3361309=test_gem_resolver_installed_specification
[563/903] 3361310=json_common_interface_test
[564/903] 3361310=test_general
[565/903] 3361309=test_rdoc_markup_to_html
[566/903] 3361310=test_gem_source_subpath_problem
[567/903] 3361319=test_fileutils
[568/903] 3361309=test_settracefunc
[569/903] 3361310=test_gem_text
[570/903] 3361310=test_win32ole
[571/903] 3361310=test_json_tree
[572/903] 3361310=test_serialize_subclasses
[573/903] 3361310=ruby_api_test
[574/903] 3361310=test_method_cache
[575/903] 3361310=test_sprintf_comb
[576/903] 3361310=test_cclass
[577/903] 3361310=test_case_options
[578/903] 3361310=test_boolean
[579/903] 3361310=test_scan_args
[580/903] 3361310=regexp_test
[581/903] 3361310=test_case
[582/903] 3361310=test_yamldbm
[583/903] 3361310=test_gem_resolver_activation_request
[584/903] 3361310=desugar_compiler_test
[585/903] 3361310=test_gem_stub_specification
[586/903] 3361319=test_fiber
[587/903] 3361311=test_cgi_util
[588/903] 3361310=test_too_many_dummy_encodings
[589/903] 3361310=test_gem_resolver_installer_set
[590/903] 3361311=test_gc
[591/903] 3361311=test_math
[592/903] 3361311=test_libs
[593/903] 3361311=test_rb_str_dup
[594/903] 3361311=test_syntax
[595/903] 3361309=test_pkey_dsa
[596/903] 3361310=test_rdoc_parser_rd
[597/903] 3361310=test_case
[598/903] 3361312=test_rational
[599/903] 3361310=test_dir
[600/903] 3361312=test_rdoc_markup_to_html_crossref
[601/903] 3361310=test_history
[602/903] 3361310=test_ftp
[603/903] 3361310=test_dir_m17n
[604/903] 3361312=test_win32ole_event
[605/903] 3361312=test_date_compat
[606/903] 3361312=test_gem_path_support
[607/903] 3361312=test_date_time
[608/903] 3361312=test_last_thread
[609/903] 3361309=test_flush
[610/903] 3361309=test_process
[611/903] 3361309=test_buffered_io
[612/903] 3361309=test_nesting_parser
[613/903] 3361312=test_hash
[614/903] 3361309=test_etc
[615/903] 3361309=test_coderange
[616/903] 3361309=test_gem_resolver_best_set
[617/903] 3361309=test_read
[618/903] 3361309=test_bigdecimal_util
[619/903] 3361309=test_ractor
[620/903] 3361309=test_env
[621/903] 3361310=test_name_error_extension
[622/903] 3361310=test_spell_checker
[623/903] 3361310=test_enumerator
[624/903] 3361310=pattern_test
[625/903] 3361310=test_safe_load
[626/903] 3361310=test_rendering
[627/903] 3361310=test_iterator
[628/903] 3361307=test_name_error
[629/903] 3361310=test_string
[630/903] 3361310=test_gem_uri
[631/903] 3361310=test_c_union_entity
[632/903] 3361307=test_enumerator
[633/903] 3361310=test_storage
[634/903] 3361310=test_io_console
[635/903] 3361307=test_gem_request_set_lockfile
[636/903] 3361307=test_rewind
[637/903] 3361307=test_features
[638/903] 3361319=test_gem_resolver_conflict
[639/903] 3361319=test_generic
[640/903] 3361319=test_postponed_job
[641/903] 3361307=test_gem_ext_rake_builder
[642/903] 3361319=test_gem_commands_sources_command
[643/903] 3361310=test_io
[644/903] 3361315=test_asn1
[645/903] 3361315=test_ancdata
[646/903] 3361319=memsize_test
[647/903] 3361315=test_gem_resolver_vendor_specification
[648/903] 3361319=test_rdoc_markup_heading
[649/903] 3361319=test_gem_source_specific_file
[650/903] 3361315=test_rdoc_class_module
[651/903] 3361319=test_bn
[652/903] 3361319=test_gem_commands_lock_command
[653/903] 3361319=test_complex
[654/903] 3361319=test_have_func
[655/903] 3361307=test_rdoc_parser_ruby
[656/903] 3361309=test_httpresponse
[657/903] 3361315=test_set
[658/903] 3361315=test_variable
[659/903] 3361306=test_getoptlong
[660/903] 3361306=test_gem_resolver_dependency_request
[661/903] 3361309=test_bigdecimal
[662/903] 3361306=test_gem_package_tar_reader
[663/903] 3361315=test_stringchar
[664/903] 3361306=test_gem_resolver
[665/903] 3361315=test_rdoc_attr
[666/903] 3361315=test_iso_8859
[667/903] 3361315=parse_test
[668/903] 3361306=test_gem_ext_configure_builder
[669/903] 3361306=test_yjit
[670/903] 3361306=test_rdoc_context
[671/903] 3361307=test_configuration
[672/903] 3361307=test_rdoc_generator_markup
[673/903] 3361307=test_m17n
[674/903] 3361307=test_win32ole_type_event
[675/903] 3361307=test_argf
[676/903] 3361319=test_open-uri
[677/903] 3361306=test_scalar_scanner
[678/903] 3361306=test_config
[679/903] 3361306=test_process
[680/903] 3361311=test_singleton_function
[681/903] 3361311=test_forwardable
[682/903] 3361311=test_resize
[683/903] 3361311=test_bug_reporter
[684/903] 3361311=test_cparser
[685/903] 3361319=test_rinda
[686/903] 3361311=test_resource
[687/903] 3361311=test_securerandom
[688/903] 3361311=test_shapes
[689/903] 3361311=test_enc_associate
[690/903] 3361309=test_yield_block
[691/903] 3361309=test_key_error
[692/903] 3361309=test_gem_package
[693/903] 3361311=test_engine
[694/903] 3361311=test_nil
[695/903] 3361311=test_gem_package_tar_reader_entry
[696/903] 3361319=test_reqarg
[697/903] 3361319=test_rdoc_options
[698/903] 3361311=test_lazy_enumerator
[699/903] 3361309=test_scanner_events
[700/903] 3361315=test_stream
[701/903] 3361309=test_numhash
[702/903] 3361315=test_cgi_cookie
[703/903] 3361309=test_find_executable
[704/903] 3361315=test_enumerator_kw
[705/903] 3361315=test_pkey_rsa
[706/903] 3361309=test_gem_specification
[707/903] 3361319=test_win32ole_variable
[708/903] 3361319=test_rdoc_include
[709/903] 3361319=test_gem_commands_exec_command
[710/903] 3361311=test_rdoc_parser_simple
[711/903] 3361315=test_quote_char_nil
[712/903] 3361311=test_rdoc_markup_to_table_of_contents
[713/903] 3361315=test_function
[714/903] 3361311=test_rdoc_markup_attributes
[715/903] 3361311=test_metaclass
[716/903] 3361311=test_gem_request_connection_pools
[717/903] 3361315=test_mixed_unicode_escapes
[718/903] 3361315=test_sleep
[719/903] 3361311=test_frozen_error
[720/903] 3361311=test_yamlstore
[721/903] 3361311=test_cipher
[722/903] 3361311=test_new
[723/903] 3361311=test_date
[724/903] 3361311=test_propertyputref
[725/903] 3361311=test_thread_queue
[726/903] 3361307=test_nowrite
[727/903] 3361307=test_udp
[728/903] 3361307=test_gem_source_git
[729/903] 3361319=test_regex_casefold
[730/903] 3361319=test_evaluation
[731/903] 3361319=test_complex2
[732/903] 3361319=test_thread_fd_close
[733/903] 3361319=test_https
[734/903] 3361319=test_converters
[735/903] 3361319=test_pipe
[736/903] 3361319=test_scalar
[737/903] 3361319=test_completion
[738/903] 3361312=test_x509name
[739/903] 3361312=test_locale
[740/903] 3361312=test_queue
[741/903] 3361315=test_ts
[742/903] 3361307=test_cstr
[743/903] 3361319=test_range
[744/903] 3361315=test_https_proxy
[745/903] 3361315=test_time
[746/903] 3361307=test_gem_unsatisfiable_dependency_error
[747/903] 3361307=test_prettyprint
[748/903] 3361307=test_gem_commands_environment_command
[749/903] 3361315=test_arithmetic_sequence
[750/903] 3361315=test_rational2
[751/903] 3361307=test_liberal_parsing
[752/903] 3361315=test_zlib
[753/903] 3361307=test_word
[754/903] 3361307=test_proc
[755/903] 3361310=test_numeric
[756/903] 3361310=test_win32ole_variant
[757/903] 3361310=test_gem_dependency_resolution_error
[758/903] 3361310=json_ext_parser_test
[759/903] 3361310=test_marshalable
[760/903] 3361310=test_gem_commands_setup_command
[761/903] 3361311=test_comparable
[762/903] 3361311=test_literal
[763/903] 3361309=test_jaro_winkler
[764/903] 3361309=test_rdoc_markup_to_tt_only
[765/903] 3361309=test_thread
[766/903] 3361319=test_gem_request_set_lockfile_parser
[767/903] 3361309=test_io_timeout
[768/903] 3361309=test_pkcs7
[769/903] 3361319=test_pkey
[770/903] 3361319=test_euc_tw
[771/903] 3361319=test_pathname
[772/903] 3361309=test_wait
[773/903] 3361307=test_ractor
[774/903] 3361311=test_mdns
[775/903] 3361311=test_win32ole_method
[776/903] 3361311=test_coverage
[777/903] 3361310=test_string
[778/903] 3361309=test_rdoc_rd_block_parser
[779/903] 3361307=test_gem_commands_signin_command
[780/903] 3361310=test_gem_commands_mirror
[781/903] 3361309=test_rdoc_markup_to_bs
[782/903] 3361319=test_raise
[783/903] 3361319=test_rdoc_alias
[784/903] 3361310=test_passing_block
[785/903] 3361310=test_gem_dependency_installer
[786/903] 3361319=test_super
[787/903] 3361309=test_gem_util
[788/903] 3361307=test_webauthn_listener
Leaked file descriptor: WebauthnListenerTest#test_wait_for_otp_code_get_follows_options: 11 : #<TCPSocket:fd 11, AF_INET, 127.0.0.1, 38179>
COMMAND     PID   USER   FD   TYPE   DEVICE SIZE/OFF NODE NAME
ruby    3361307 jaruga   11u  IPv4 61407158      0t0  TCP localhost:38179->localhost:54492 (CLOSE_WAIT)
Closed file descriptor: WebauthnListenerTest#test_wait_for_otp_code_get_request: 11
[789/903] 3361307=test_erb_m17n
[790/903] 3361307=test_logger
[791/903] 3361309=test_protocol
[792/903] 3361307=test_unicode
[793/903] 3361307=test_gem_indexer
[794/903] 3361309=test_key_actor_vi
[795/903] 3361311=test_gem_resolver_index_specification
[796/903] 3361311=test_io_buffer
[797/903] 3361309=test_gc
[798/903] 3361311=test_gem_resolver_git_specification
[799/903] 3361311=test_fnmatch
[800/903] 3361311=test_thread_cv
[801/903] 3361319=json_generic_object_test
[802/903] 3361319=test_rbconfig
[803/903] 3361319=test_gem_commands_search_command
[804/903] 3361319=test_import
[805/903] 3361311=test_stringscanner
[806/903] 3361307=version_test
[807/903] 3361307=test_rubyoptions
[808/903] 3361311=test_rdoc_parser_markdown
[809/903] 3361311=test_primitive
[810/903] 3361311=test_dns
[811/903] 3361311=test_rdoc_require
[812/903] 3361311=test_data_error
[813/903] 3361311=test_defined
[814/903] 3361311=test_rdoc_markup_to_ansi
[815/903] 3361311=test_document
[816/903] 3361311=test_rand
[817/903] 3361311=test_config
[818/903] 3361311=parse_inline_comments_test
[819/903] 3361311=test_sockopt
[820/903] 3361311=test_convert
[821/903] 3361311=test_rdoc_ri_paths
[822/903] 3361311=test_gem_commands_check_command
[823/903] 3361311=test_gem_doctor
[824/903] 3361311=test_alias
[825/903] 3361319=test_io_wait_uncommon
[826/903] 3361319=test_timeout
[827/903] 3361319=test_method
[828/903] 3361311=test_dryrun
[829/903] 3361311=test_encoding
[830/903] 3361311=test_gem_package_task
[831/903] 3361311=test_pkey_dh
[832/903] 3361311=test_big5
[833/903] 3361311=test_gem_uri_formatter
[834/903] 3361311=test_optparse
[835/903] 3361311=test_rdoc_markup_to_markdown
[836/903] 3361311=test_date_ractor
[837/903] 3361311=test_have_library
[838/903] 3361315=test_change_word
[839/903] 3361315=test_gem_resolver_index_set
[840/903] 3361315=test_my_integer
[841/903] 3361315=test_system
[842/903] 3361310=test_euc_kr
[843/903] 3361310=test_gem_security_policy
[844/903] 3361319=test_folderitem2_invokeverb
[845/903] 3361319=test_open3
[846/903] 3361310=test_arity
[847/903] 3361310=test_file_exhaustive
[848/903] 3361311=test_win32ole_param
[849/903] 3361311=test_table
[850/903] 3361311=test_rdoc_i18n_text
[851/903] 3361311=test_objspace
[852/903] 3361315=test_gem_resolver_api_specification
[853/903] 3361315=test_general
[854/903] 3361315=test_trace
[855/903] 3361315=test_require_path_check
[856/903] 3361315=test_gem_commands_help_command
[857/903] 3361315=test_sleep
[858/903] 3361315=test_constant
[859/903] 3361319=test_gem_commands_dependency_command
[860/903] 3361319=test_c_struct_entry
[861/903] 3361319=test_encoding
[862/903] 3361319=test_sizeof
[863/903] 3361310=test_gem_safe_marshal
[864/903] 3361307=test_closure
[865/903] 3361306=test_gem_source_lock
[866/903] 3361306=test_io_wait
[867/903] 3361315=test_digest
[868/903] 3361315=test_kwargs
[869/903] 3361315=test_nkf
[870/903] 3361306=test_data
[871/903] 3361306=test_arith_seq_beg_len_step
[872/903] 3361307=test_read_write
[873/903] 3361307=test_gem_resolver_requirement_list
[874/903] 3361307=test_mailto
[875/903] 3361307=test_singleton
[876/903] 3361307=test_pack
[877/903] 3361306=test_gem_resolver_lock_specification
[878/903] 3361307=test_ns_spki
[879/903] 3361306=test_macro
[880/903] 3361307=test_inadvertent_creation
[881/903] 3361306=test_gem_commands_list_command
[882/903] 3361315=test_delegate
[883/903] 3361306=test_cmethod
[884/903] 3361306=test_gem_commands_pristine_command
[885/903] 3361315=test_gem_version_option
[886/903] 3361307=test_threadgroup
[887/903] 3361315=test_date_strptime
[888/903] 3361310=test_rdoc_extend
[889/903] 3361310=test_httpresponses
[890/903] 3361310=test_hmac
[891/903] 3361310=test_extlibs
[892/903] 3361315=test_pack
[893/903] 3361307=test_gem_gem_runner
[894/903] 3361315=test_array
[895/903] 3361307=test_files_test_2
[896/903] 3361315=test_merge_keys
[897/903] 3361315=test_rdoc_generator_pot
[898/903] 3361315=heredoc_dedent_test
[899/903] 3361315=test_rdoc_markup_document
[900/903] 3361315=test_pack
[901/903] 3361315=test_usrmarshal
[902/903] 3361315=test_drbssl
[903/903] 3361306=test_numeric

Retrying hung up testcases...
[1/2] TestFiberQueue#test_pop_with_timeout